xmc_usic.h:1203:26:XMC_USIC_CH_GetReceiveBufferStatus	16	static
xmc_i2c.h:656:26:XMC_I2C_CH_GetStatusFlag	16	static
xmc_i2c.h:672:22:XMC_I2C_CH_ClearStatusFlag	16	static
lis3dh_driver.c:47:6:LIS3DH_ReadReg	16	static
lis3dh_driver.c:98:6:LIS3DH_WriteReg	16	static
lis3dh_driver.c:141:10:LIS3DH_GetWHO_AM_I	16	static
lis3dh_driver.c:157:10:LIS3DH_GetStatusAUX	16	static
lis3dh_driver.c:175:10:LIS3DH_GetStatusAUXBit	24	static
lis3dh_driver.c:279:10:LIS3DH_SetODR	24	static
lis3dh_driver.c:304:10:LIS3DH_SetTemperature	24	static
lis3dh_driver.c:327:10:LIS3DH_SetADCAux	24	static
lis3dh_driver.c:350:10:LIS3DH_GetAuxRaw	24	static
lis3dh_driver.c:389:10:LIS3DH_GetTempRaw	24	static
lis3dh_driver.c:412:10:LIS3DH_SetMode	24	static
lis3dh_driver.c:469:10:LIS3DH_SetAxis	24	static
lis3dh_driver.c:491:10:LIS3DH_SetFullScale	24	static
lis3dh_driver.c:514:10:LIS3DH_SetBDU	24	static
lis3dh_driver.c:537:10:LIS3DH_SetBLE	24	static
lis3dh_driver.c:560:10:LIS3DH_SetSelfTest	24	static
lis3dh_driver.c:583:10:LIS3DH_HPFClickEnable	24	static
lis3dh_driver.c:606:10:LIS3DH_HPFAOI1Enable	24	static
lis3dh_driver.c:629:10:LIS3DH_HPFAOI2Enable	24	static
lis3dh_driver.c:653:10:LIS3DH_SetHPFMode	24	static
lis3dh_driver.c:676:10:LIS3DH_SetHPFCutOFF	24	static
lis3dh_driver.c:703:10:LIS3DH_SetFilterDataSel	24	static
lis3dh_driver.c:734:10:LIS3DH_SetInt1Pin	24	static
lis3dh_driver.c:763:10:LIS3DH_SetInt2Pin	24	static
lis3dh_driver.c:790:10:LIS3DH_SetClickCFG	24	static
lis3dh_driver.c:813:10:LIS3DH_SetClickTHS	16	static
lis3dh_driver.c:832:10:LIS3DH_SetClickLIMIT	16	static
lis3dh_driver.c:851:10:LIS3DH_SetClickLATENCY	16	static
lis3dh_driver.c:867:10:LIS3DH_SetClickWINDOW	16	static
lis3dh_driver.c:883:10:LIS3DH_GetClickResponse	24	static
lis3dh_driver.c:968:10:LIS3DH_Int1LatchEnable	24	static
lis3dh_driver.c:991:10:LIS3DH_ResetInt1Latch	16	static
lis3dh_driver.c:1009:10:LIS3DH_SetIntConfiguration	24	static
lis3dh_driver.c:1033:10:LIS3DH_SetIntMode	24	static
lis3dh_driver.c:1056:10:LIS3DH_SetInt6D4DConfiguration	24	static
lis3dh_driver.c:1102:10:LIS3DH_Get6DPosition	24	static
lis3dh_driver.c:1142:10:LIS3DH_SetInt1Threshold	16	static
lis3dh_driver.c:1160:10:LIS3DH_SetInt1Duration	16	static
lis3dh_driver.c:1180:10:LIS3DH_FIFOModeEnable	24	static
lis3dh_driver.c:1288:10:LIS3DH_SetTriggerInt	24	static
lis3dh_driver.c:1311:10:LIS3DH_SetWaterMark	24	static
lis3dh_driver.c:1337:10:LIS3DH_GetStatusReg	16	static
lis3dh_driver.c:1355:10:LIS3DH_GetStatusBit	24	static
lis3dh_driver.c:1447:10:LIS3DH_GetAccAxesRaw	32	static
lis3dh_driver.c:1487:10:LIS3DH_GetInt1Src	16	static
lis3dh_driver.c:1504:10:LIS3DH_GetInt1SrcBit	24	static
lis3dh_driver.c:1596:10:LIS3DH_GetFifoSourceReg	16	static
lis3dh_driver.c:1613:10:LIS3DH_GetFifoSourceBit	24	static
lis3dh_driver.c:1662:10:LIS3DH_GetFifoSourceFSS	24	static
lis3dh_driver.c:1683:10:LIS3DH_SetSPIInterface	24	static
