core_cm4.h:1670:22:__NVIC_EnableIRQ	16	static
core_cm4.h:1798:22:__NVIC_SetPriority	16	static
xmc_usic.h:705:22:XMC_USIC_CH_SetInputSource	16	static
xmc_usic.h:1179:43:XMC_USIC_CH_GetTransmitBufferStatus	16	static
xmc_usic.h:1770:22:XMC_USIC_CH_RXFIFO_EnableEvent	16	static
xmc_usic.h:1899:22:XMC_USIC_CH_RXFIFO_IsEmpty	16	static
xmc_uart.h:275:22:XMC_UART_CH_Start	16	static
xmc_uart.h:582:22:XMC_UART_CH_SetInputSource	16	static
xmc4500_uart_lib.c:41:6:_init_uart0_ch0	8	static
xmc4500_uart_lib.c:81:6:USIC0_0_IRQHandler	16	static
xmc4500_uart_lib.c:99:9:_uart_send_char	16	static
xmc4500_uart_lib.c:107:9:_uart_printf	272	static
xmc4500_uart_lib.c:124:9:_uart_send_string	32	static
xmc4500_uart_lib.c:137:9:_uart_get_string	16	static
