xmc4_flash.c:98:6:XMC_FLASH_lEnterPageModeCommand	16	static
xmc4_flash.c:109:6:XMC_FLASH_lLoadPageCommand	24	static
xmc4_flash.c:122:6:XMC_FLASH_lWritePageCommand	24	static
xmc4_flash.c:139:6:XMC_FLASH_lWriteUCBPageCommand	24	static
xmc4_flash.c:156:6:XMC_FLASH_lEraseSectorCommand	24	static
xmc4_flash.c:179:6:XMC_FLASH_lDisableSectorWriteProtectionCommand	32	static
xmc4_flash.c:201:6:XMC_FLASH_lDisableReadProtectionCommand	24	static
xmc4_flash.c:222:6:XMC_FLASH_lClearStatusCommand	16	static
xmc4_flash.c:237:6:XMC_FLASH_ClearStatus	8	static
xmc4_flash.c:245:10:XMC_FLASH_GetStatus	4	static
xmc4_flash.c:253:6:XMC_FLASH_EnableEvent	16	static
xmc4_flash.c:261:6:XMC_FLASH_DisableEvent	16	static
xmc4_flash.c:269:6:XMC_FLASH_ProgramPage	24	static
xmc4_flash.c:290:6:XMC_FLASH_EraseSector	16	static
xmc4_flash.c:302:6:XMC_FLASH_lErasePhysicalSectorCommand	24	static
xmc4_flash.c:324:6:XMC_FLASH_lRepairPhysicalSectorCommand	16	static
xmc4_flash.c:345:6:XMC_FLASH_ErasePhysicalSector	16	static
xmc4_flash.c:357:6:XMC_FLASH_RepairPhysicalSector	8	static
xmc4_flash.c:366:6:XMC_FLASH_EraseUCB	24	static
xmc4_flash.c:390:6:XMC_FLASH_Reset	16	static
xmc4_flash.c:401:6:XMC_FLASH_InstallProtection	32	static
xmc4_flash.c:431:6:XMC_FLASH_ConfirmProtection	24	static
xmc4_flash.c:458:6:XMC_FLASH_VerifyReadProtection	24	static
xmc4_flash.c:478:6:XMC_FLASH_VerifyWriteProtection	32	static
xmc4_flash.c:504:6:XMC_FLASH_ResumeProtection	16	static
