xmc4_scu.h:1707:43:XMC_SCU_CLOCK_GetUsbClockSource	4	static
xmc4_scu.h:1748:43:XMC_SCU_CLOCK_GetWdtClockSource	4	static
xmc4_scu.h:1869:46:XMC_SCU_CLOCK_GetExternalOutputClockSource	4	static
xmc4_scu.h:2469:26:XMC_SCU_CLOCK_GetSystemClockFrequency	4	static
xmc_scu.h:425:26:XMC_SCU_CLOCK_GetCpuClockFrequency	4	static
xmc4_scu.c:195:17:OSCHP_GetFrequency	4	static
xmc4_scu.c:208:6:XMC_SCU_lDelay	24	static
xmc4_scu.c:222:6:XMC_SCU_INTERRUPT_EnableEvent	16	static
xmc4_scu.c:228:6:XMC_SCU_INTERRUPT_DisableEvent	16	static
xmc4_scu.c:234:6:XMC_SCU_INTERRUPT_TriggerEvent	16	static
xmc4_scu.c:240:27:XMC_SCU_INTERUPT_GetEventStatus	4	static
xmc4_scu.c:246:6:XMC_SCU_INTERRUPT_ClearEventStatus	16	static
xmc4_scu.c:253:10:XMC_SCU_GetBootMode	4	static
xmc4_scu.c:259:6:XMC_SCU_SetBootMode	16	static
xmc4_scu.c:265:10:XMC_SCU_ReadGPR	16	static
xmc4_scu.c:271:6:XMC_SCU_WriteGPR	16	static
xmc4_scu.c:277:6:XMC_SCU_EnableOutOfRangeComparator	16	static
xmc4_scu.c:286:6:XMC_SCU_DisableOutOfRangeComparator	16	static
xmc4_scu.c:295:6:XMC_SCU_CalibrateTemperatureSensor	16	static
xmc4_scu.c:303:6:XMC_SCU_EnableTemperatureSensor	4	static
xmc4_scu.c:309:6:XMC_SCU_DisableTemperatureSensor	4	static
xmc4_scu.c:315:6:XMC_SCU_IsTemperatureSensorEnabled	4	static
xmc4_scu.c:321:6:XMC_SCU_IsTemperatureSensorReady	4	static
xmc4_scu.c:326:18:XMC_SCU_StartTemperatureMeasurement	16	static
xmc4_scu.c:347:10:XMC_SCU_GetTemperatureMeasurement	16	static
xmc4_scu.c:364:6:XMC_SCU_IsTemperatureSensorBusy	4	static
xmc4_scu.c:454:6:XMC_SCU_WriteToRetentionMemory	24	static
xmc4_scu.c:477:10:XMC_SCU_ReadFromRetentionMemory	24	static
xmc4_scu.c:499:6:XMC_SCU_CLOCK_Init	32	static
xmc4_scu.c:570:6:XMC_SCU_TRAP_Enable	16	static
xmc4_scu.c:576:6:XMC_SCU_TRAP_Disable	16	static
xmc4_scu.c:582:10:XMC_SCU_TRAP_GetStatus	4	static
xmc4_scu.c:588:6:XMC_SCU_TRAP_Trigger	16	static
xmc4_scu.c:594:6:XMC_SCU_TRAP_ClearStatus	16	static
xmc4_scu.c:600:6:XMC_SCU_PARITY_ClearStatus	16	static
xmc4_scu.c:606:10:XMC_SCU_PARITY_GetStatus	4	static
xmc4_scu.c:612:6:XMC_SCU_PARITY_Enable	16	static
xmc4_scu.c:618:6:XMC_SCU_PARITY_Disable	16	static
xmc4_scu.c:624:6:XMC_SCU_PARITY_EnableTrapGeneration	16	static
xmc4_scu.c:630:6:XMC_SCU_PARITY_DisableTrapGeneration	16	static
xmc4_scu.c:636:6:XMC_SCU_INTERRUPT_EnableNmiRequest	16	static
xmc4_scu.c:642:6:XMC_SCU_INTERRUPT_DisableNmiRequest	16	static
xmc4_scu.c:648:6:XMC_SCU_RESET_AssertPeripheralReset	24	static
xmc4_scu.c:657:6:XMC_SCU_RESET_DeassertPeripheralReset	24	static
xmc4_scu.c:666:6:XMC_SCU_RESET_IsPeripheralResetAsserted	24	static
xmc4_scu.c:677:10:XMC_SCU_CLOCK_GetSystemPllClockFrequency	24	static
xmc4_scu.c:706:10:XMC_SCU_CLOCK_GetSystemPllClockSourceFrequency	16	static
xmc4_scu.c:726:10:XMC_SCU_CLOCK_GetUsbPllClockFrequency	24	static
xmc4_scu.c:746:10:XMC_SCU_CLOCK_GetCcuClockFrequency	16	static
xmc4_scu.c:758:10:XMC_SCU_CLOCK_GetUsbClockFrequency	16	static
xmc4_scu.c:785:10:XMC_SCU_CLOCK_GetEbuClockFrequency	16	static
xmc4_scu.c:818:10:XMC_SCU_CLOCK_GetWdtClockFrequency	16	static
xmc4_scu.c:850:10:XMC_SCU_CLOCK_GetExternalOutputClockFrequency	16	static
xmc4_scu.c:886:10:XMC_SCU_CLOCK_GetPeripheralClockFrequency	8	static
xmc4_scu.c:893:6:XMC_SCU_CLOCK_SetSystemClockSource	16	static
xmc4_scu.c:900:6:XMC_SCU_CLOCK_SetUsbClockSource	16	static
xmc4_scu.c:907:6:XMC_SCU_CLOCK_SetWdtClockSource	16	static
xmc4_scu.c:914:6:XMC_SCU_CLOCK_SetExternalOutputClockSource	16	static
xmc4_scu.c:921:6:XMC_SCU_CLOCK_SetSystemPllClockSource	16	static
xmc4_scu.c:935:6:XMC_SCU_HIB_SetRtcClockSource	16	static
xmc4_scu.c:947:6:XMC_SCU_HIB_SetStandbyClockSource	16	static
xmc4_scu.c:958:6:XMC_SCU_CLOCK_SetSystemClockDivider	16	static
xmc4_scu.c:968:6:XMC_SCU_CLOCK_SetCcuClockDivider	16	static
xmc4_scu.c:977:6:XMC_SCU_CLOCK_SetCpuClockDivider	16	static
xmc4_scu.c:986:6:XMC_SCU_CLOCK_SetPeripheralClockDivider	16	static
xmc4_scu.c:995:6:XMC_SCU_CLOCK_SetUsbClockDivider	16	static
xmc4_scu.c:1006:6:XMC_SCU_CLOCK_SetEbuClockDivider	16	static
xmc4_scu.c:1017:6:XMC_SCU_CLOCK_SetWdtClockDivider	16	static
xmc4_scu.c:1027:6:XMC_SCU_CLOCK_SetExternalOutputClockDivider	16	static
xmc4_scu.c:1046:6:XMC_SCU_CLOCK_EnableClock	16	static
xmc4_scu.c:1052:6:XMC_SCU_CLOCK_DisableClock	16	static
xmc4_scu.c:1058:6:XMC_SCU_CLOCK_IsClockEnabled	16	static
xmc4_scu.c:1092:7:XMC_SCU_POWER_GetEVR13Voltage	4	static
xmc4_scu.c:1097:7:XMC_SCU_POWER_GetEVR33Voltage	4	static
xmc4_scu.c:1103:6:XMC_SCU_CLOCK_EnableUsbPll	4	static
xmc4_scu.c:1109:6:XMC_SCU_CLOCK_DisableUsbPll	4	static
xmc4_scu.c:1115:6:XMC_SCU_CLOCK_StartUsbPll	16	static
xmc4_scu.c:1144:6:XMC_SCU_CLOCK_StopUsbPll	4	static
xmc4_scu.c:1151:6:XMC_SCU_CLOCK_SetBackupClockCalibrationMode	16	static
xmc4_scu.c:1172:6:XMC_SCU_POWER_EnableUsb	4	static
xmc4_scu.c:1182:6:XMC_SCU_POWER_DisableUsb	4	static
xmc4_scu.c:1192:6:XMC_SCU_CLOCK_IsUsbPllLocked	4	static
xmc4_scu.c:1198:6:XMC_SCU_HIB_EnableHibernateDomain	4	static
xmc4_scu.c:1223:6:XMC_SCU_HIB_DisableHibernateDomain	4	static
xmc4_scu.c:1232:6:XMC_SCU_HIB_IsHibernateDomainEnabled	4	static
xmc4_scu.c:1239:6:XMC_SCU_HIB_EnableInternalSlowClock	4	static
xmc4_scu.c:1249:6:XMC_SCU_HIB_DisableInternalSlowClock	4	static
xmc4_scu.c:1258:6:XMC_SCU_HIB_ClearEventStatus	16	static
xmc4_scu.c:1267:6:XMC_SCU_HIB_TriggerEvent	16	static
xmc4_scu.c:1276:6:XMC_SCU_HIB_EnableEvent	16	static
xmc4_scu.c:1296:6:XMC_SCU_HIB_DisableEvent	16	static
xmc4_scu.c:1316:6:XMC_SCU_HIB_EnterHibernateState	4	static
xmc4_scu.c:1325:6:XMC_SCU_HIB_EnterHibernateStateEx	16	static
xmc4_scu.c:1343:6:XMC_SCU_HIB_SetWakeupTriggerInput	16	static
xmc4_scu.c:1360:6:XMC_SCU_HIB_SetPinMode	16	static
xmc4_scu.c:1370:6:XMC_SCU_HIB_SetPinOutputLevel	16	static
xmc4_scu.c:1380:6:XMC_SCU_HIB_SetInput0	16	static
xmc4_scu.c:1397:6:XMC_SCU_HIB_SetSR0Input	16	static
xmc4_scu.c:1537:6:XMC_SCU_CLOCK_IsLowPowerOscillatorStable	4	static
xmc4_scu.c:1543:6:XMC_SCU_CLOCK_EnableLowPowerOscillator	4	static
xmc4_scu.c:1568:6:XMC_SCU_CLOCK_DisableLowPowerOscillator	4	static
xmc4_scu.c:1577:6:XMC_SCU_CLOCK_EnableLowPowerOscillatorGeneralPurposeInput	4	static
xmc4_scu.c:1586:6:XMC_SCU_CLOCK_DisableLowPowerOscillatorGeneralPurposeInput	4	static
xmc4_scu.c:1596:10:XMC_SCU_CLOCK_GetLowPowerOscillatorGeneralPurposeInputStatus	4	static
xmc4_scu.c:1602:6:XMC_SCU_CLOCK_EnableHighPerformanceOscillator	16	static
xmc4_scu.c:1613:6:XMC_SCU_CLOCK_IsHighPerformanceOscillatorStable	4	static
xmc4_scu.c:1619:6:XMC_SCU_CLOCK_DisableHighPerformanceOscillator	4	static
xmc4_scu.c:1624:6:XMC_SCU_CLOCK_EnableHighPerformanceOscillatorGeneralPurposeInput	4	static
xmc4_scu.c:1629:6:XMC_SCU_CLOCK_DisableHighPerformanceOscillatorGeneralPurposeInput	4	static
xmc4_scu.c:1634:10:XMC_SCU_CLOCK_GetHighPerformanceOscillatorGeneralPurposeInputStatus	4	static
xmc4_scu.c:1640:6:XMC_SCU_CLOCK_EnableSystemPll	4	static
xmc4_scu.c:1646:6:XMC_SCU_CLOCK_DisableSystemPll	4	static
xmc4_scu.c:1652:6:XMC_SCU_CLOCK_StartSystemPll	32	static
xmc4_scu.c:1741:6:XMC_SCU_CLOCK_StopSystemPll	4	static
xmc4_scu.c:1747:6:XMC_SCU_CLOCK_StepSystemPllFrequency	16	static
xmc4_scu.c:1756:6:XMC_SCU_CLOCK_IsSystemPllLocked	4	static
xmc4_scu.c:1764:18:XMC_SCU_INTERRUPT_SetEventHandler	24	static
xmc4_scu.c:1792:6:XMC_SCU_IRQHandler	32	static
