xmc_ccu4.h:857:22:XMC_CCU4_StartPrescaler	16	static
xmc_ccu4.h:1855:22:XMC_CCU4_SLICE_SetDitherCompareValue	16	static
xmc_ccu4.c:144:22:XMC_CCU4_lAssertReset	16	static
xmc_ccu4.c:174:22:XMC_CCU4_lDeassertReset	16	static
xmc_ccu4.c:282:6:XMC_CCU4_EnableModule	16	static
xmc_ccu4.c:300:6:XMC_CCU4_DisableModule	16	static
xmc_ccu4.c:314:6:XMC_CCU4_Init	24	static
xmc_ccu4.c:334:6:XMC_CCU4_SetModuleClock	24	static
xmc_ccu4.c:349:6:XMC_CCU4_SetMultiChannelShadowTransferMode	24	static
xmc_ccu4.c:362:6:XMC_CCU4_SLICE_CompareInit	16	static
xmc_ccu4.c:384:6:XMC_CCU4_SLICE_CaptureInit	16	static
xmc_ccu4.c:403:6:XMC_CCU4_SLICE_StartConfig	24	static
xmc_ccu4.c:437:6:XMC_CCU4_SLICE_StopConfig	24	static
xmc_ccu4.c:464:6:XMC_CCU4_SLICE_LoadConfig	24	static
xmc_ccu4.c:480:6:XMC_CCU4_SLICE_ModulationConfig	24	static
xmc_ccu4.c:526:6:XMC_CCU4_SLICE_CountConfig	24	static
xmc_ccu4.c:542:6:XMC_CCU4_SLICE_GateConfig	24	static
xmc_ccu4.c:558:6:XMC_CCU4_SLICE_Capture0Config	24	static
xmc_ccu4.c:574:6:XMC_CCU4_SLICE_Capture1Config	24	static
xmc_ccu4.c:590:6:XMC_CCU4_SLICE_DirectionConfig	24	static
xmc_ccu4.c:606:6:XMC_CCU4_SLICE_StatusBitOverrideConfig	24	static
xmc_ccu4.c:623:6:XMC_CCU4_SLICE_TrapConfig	24	static
xmc_ccu4.c:666:6:XMC_CCU4_SLICE_ConfigureStatusBitOverrideEvent	32	static
xmc_ccu4.c:771:6:XMC_CCU4_SLICE_ConfigureEvent	40	static
xmc_ccu4.c:849:6:XMC_CCU4_SLICE_SetInput	24	static
xmc_ccu4.c:884:6:XMC_CCU4_SLICE_SetTimerRepeatMode	16	static
xmc_ccu4.c:902:6:XMC_CCU4_SLICE_SetTimerCountingMode	16	static
xmc_ccu4.c:919:10:XMC_CCU4_SLICE_GetCaptureRegisterValue	16	static
xmc_ccu4.c:927:19:XMC_CCU4_SLICE_GetLastCapturedTimerValue	32	static
xmc_ccu4.c:979:9:XMC_CCU4_GetCapturedValueFromFifo	24	static
xmc_ccu4.c:1024:6:XMC_CCU4_SLICE_EnableDithering	24	static
xmc_ccu4.c:1051:6:XMC_CCU4_SLICE_SetPrescaler	24	static
xmc_ccu4.c:1069:6:XMC_CCU4_SLICE_SetInterruptNode	32	static
xmc_ccu4.c:1119:6:XMC_CCU4_SLICE_SetPassiveLevel	24	static
