core_cm4.h:1670:22:__NVIC_EnableIRQ	16	static
core_cm4.h:1706:22:__NVIC_DisableIRQ	16	static
core_cm4.h:1759:22:__NVIC_ClearPendingIRQ	16	static
core_cm4.h:1798:22:__NVIC_SetPriority	16	static
xmc_usbh.c:119:22:XMC_lClockGating	16	static
xmc_usbh.c:136:22:XMC_lTriggerHaltChannel	16	static
xmc_usbh.c:153:13:XMC_lStartTransfer	72	static
xmc_usbh.c:315:34:XMC_USBH_GetVersion	16	static
xmc_usbh.c:322:32:XMC_USBH_GetCapabilities	4	static
xmc_usbh.c:336:16:XMC_USBH_Initialize	24	static
xmc_usbh.c:371:16:XMC_USBH_Uninitialize	8	static
xmc_usbh.c:388:16:XMC_USBH_PowerControl	24	static
xmc_usbh.c:499:16:XMC_USBH_PortVbusOnOff	24	static
xmc_usbh.c:535:16:XMC_USBH_PortReset	24	static
xmc_usbh.c:584:16:XMC_USBH_PortSuspend	24	static
xmc_usbh.c:621:16:XMC_USBH_PortResume	24	static
xmc_usbh.c:665:30:XMC_USBH_PortGetState	24	static
xmc_usbh.c:724:29:XMC_USBH_PipeCreate	40	static
xmc_usbh.c:809:16:XMC_USBH_PipeModify	32	static
xmc_usbh.c:861:16:XMC_USBH_PipeDelete	32	static
xmc_usbh.c:908:16:XMC_USBH_PipeReset	32	static
xmc_usbh.c:958:16:XMC_USBH_PipeTransfer	32	static
xmc_usbh.c:1035:17:XMC_USBH_PipeTransferGetResult	24	static
xmc_usbh.c:1058:16:XMC_USBH_PipeTransferAbort	32	static
xmc_usbh.c:1121:17:XMC_USBH_GetFrameNumber	16	static
xmc_usbh.c:1148:6:XMC_USBH_HandleIrq	80	static
xmc_usbh.c:1426:10:XMC_USBH_GetInterruptStatus	4	static
xmc_usbh.c:1432:6:XMC_USBH_Select_VBUS	16	static
xmc_usbh.c:1442:6:XMC_USBH_TurnOffResumeBit	16	static
xmc_usbh.c:1478:16:XMC_USBH_osDelay	16	static
