xmc_eth_mac.h:469:22:XMC_ETH_MAC_Reset	16	static
xmc_eth_mac.h:559:22:XMC_ETH_MAC_SetAddress	32	static
xmc4_scu.h:2469:26:XMC_SCU_CLOCK_GetSystemClockFrequency	4	static
xmc4_scu.h:2515:26:XMC_SCU_CLOCK_GetEthernetClockFrequency	8	static
xmc_eth_mac.c:167:22:XCM_ETH_MAC_IsNormalEvent	16	static
xmc_eth_mac.c:176:22:XCM_ETH_MAC_IsAbnormalEvent	16	static
xmc_eth_mac.c:200:22:XMC_ETH_MAC_Init	24	static
xmc_eth_mac.c:250:6:XMC_ETH_MAC_InitRxDescriptors	24	static
xmc_eth_mac.c:278:6:XMC_ETH_MAC_InitTxDescriptors	24	static
xmc_eth_mac.c:302:6:XMC_ETH_MAC_SetAddressPerfectFilter	40	static
xmc_eth_mac.c:318:6:XMC_ETH_MAC_SetAddressHashFilter	32	static
xmc_eth_mac.c:325:22:XMC_ETH_MAC_SendFrame	40	static
xmc_eth_mac.c:407:10:XMC_ETH_MAC_ReadFrame	32	static
xmc_eth_mac.c:440:10:XMC_ETH_MAC_GetRxFrameSize	24	static
xmc_eth_mac.c:469:22:XMC_ETH_MAC_SetManagmentClockDivider	32	static
xmc_eth_mac.c:512:6:XMC_ETH_MAC_Enable	16	static
xmc_eth_mac.c:524:6:XMC_ETH_MAC_Disable	16	static
xmc_eth_mac.c:536:22:XMC_ETH_MAC_ReadPhy	32	static
xmc_eth_mac.c:563:22:XMC_ETH_MAC_WritePhy	24	static
xmc_eth_mac.c:589:6:XMC_ETH_MAC_FlushTx	16	static
xmc_eth_mac.c:597:6:XMC_ETH_MAC_FlushRx	16	static
xmc_eth_mac.c:605:6:XMC_ETH_MAC_SetWakeUpFrameFilter	24	static
xmc_eth_mac.c:619:6:XMC_ETH_MAC_EnableEvent	16	static
xmc_eth_mac.c:640:6:XMC_ETH_MAC_DisableEvent	16	static
xmc_eth_mac.c:651:6:XMC_ETH_MAC_ClearEventStatus	16	static
xmc_eth_mac.c:669:10:XMC_ETH_MAC_GetEventStatus	24	static
xmc_eth_mac.c:681:6:XMC_ETH_MAC_ReturnRxDescriptor	16	static
xmc_eth_mac.c:692:6:XMC_ETH_MAC_ReturnTxDescriptor	16	static
xmc_eth_mac.c:707:6:XMC_ETH_MAC_SetVLANTag	16	static
xmc_eth_mac.c:715:6:XMC_ETH_MAC_InitPTP	24	static
xmc_eth_mac.c:744:6:XMC_ETH_MAC_InitPTPEx	32	static
xmc_eth_mac.c:777:6:XMC_ETH_MAC_GetPTPTime	16	static
xmc_eth_mac.c:786:6:XMC_ETH_MAC_SetPTPTime	16	static
xmc_eth_mac.c:799:6:XMC_ETH_MAC_UpdatePTPTime	24	static
xmc_eth_mac.c:819:6:XMC_ETH_MAC_SetPTPAlarm	16	static
xmc_eth_mac.c:829:6:XMC_ETH_MAC_AdjustPTPClock	32	static
xmc_eth_mac.c:844:6:XMC_ETH_MAC_UpdateAddend	16	static
xmc_eth_mac.c:858:10:XMC_ETH_MAC_GetPTPStatus	16	static
xmc_eth_mac.c:866:22:XMC_ETH_MAC_GetRxTimeStamp	24	static
xmc_eth_mac.c:898:22:XMC_ETH_MAC_GetTxTimeStamp	24	static
