xmc_ccu8.h:1114:22:XMC_CCU8_StartPrescaler	16	static
xmc_ccu8.h:1787:22:XMC_CCU8_SLICE_StopTimer	16	static
xmc_ccu8.h:2229:22:XMC_CCU8_SLICE_SetDitherCompareValue	16	static
xmc_ccu8.c:179:22:XMC_CCU8_lAssertReset	16	static
xmc_ccu8.c:197:22:XMC_CCU8_lDeassertReset	16	static
xmc_ccu8.c:269:6:XMC_CCU8_EnableModule	16	static
xmc_ccu8.c:288:6:XMC_CCU8_DisableModule	16	static
xmc_ccu8.c:302:6:XMC_CCU8_Init	24	static
xmc_ccu8.c:322:6:XMC_CCU8_SetModuleClock	24	static
xmc_ccu8.c:337:6:XMC_CCU8_SLICE_CompareInit	16	static
xmc_ccu8.c:366:6:XMC_CCU8_SLICE_CaptureInit	16	static
xmc_ccu8.c:385:6:XMC_CCU8_SLICE_SetOutPath	24	static
xmc_ccu8.c:401:6:XMC_CCU8_SetMultiChannelShadowTransferMode	24	static
xmc_ccu8.c:415:6:XMC_CCU8_SLICE_StartConfig	24	static
xmc_ccu8.c:449:6:XMC_CCU8_SLICE_StopConfig	24	static
xmc_ccu8.c:476:6:XMC_CCU8_SLICE_LoadConfig	24	static
xmc_ccu8.c:493:6:XMC_CCU8_SLICE_LoadSelector	24	static
xmc_ccu8.c:510:6:XMC_CCU8_SLICE_ModulationConfig	24	static
xmc_ccu8.c:565:6:XMC_CCU8_SLICE_CountConfig	24	static
xmc_ccu8.c:582:6:XMC_CCU8_SLICE_GateConfig	24	static
xmc_ccu8.c:599:6:XMC_CCU8_SLICE_Capture0Config	24	static
xmc_ccu8.c:616:6:XMC_CCU8_SLICE_Capture1Config	24	static
xmc_ccu8.c:634:6:XMC_CCU8_SLICE_DirectionConfig	24	static
xmc_ccu8.c:651:6:XMC_CCU8_SLICE_StatusBitOverrideConfig	24	static
xmc_ccu8.c:668:6:XMC_CCU8_SLICE_TrapConfig	24	static
xmc_ccu8.c:713:6:XMC_CCU8_SLICE_ConfigureStatusBitOverrideEvent	32	static
xmc_ccu8.c:818:6:XMC_CCU8_SLICE_ConfigureEvent	40	static
xmc_ccu8.c:897:6:XMC_CCU8_SLICE_SetInput	24	static
xmc_ccu8.c:931:6:XMC_CCU8_SLICE_SetTimerRepeatMode	24	static
xmc_ccu8.c:956:6:XMC_CCU8_SLICE_SetTimerCountingMode	24	static
xmc_ccu8.c:980:6:XMC_CCU8_SLICE_SetTimerPeriodMatch	16	static
xmc_ccu8.c:987:10:XMC_CCU8_SLICE_GetCaptureRegisterValue	16	static
xmc_ccu8.c:995:19:XMC_CCU8_SLICE_GetLastCapturedTimerValue	32	static
xmc_ccu8.c:1048:9:XMC_CCU8_GetCapturedValueFromFifo	24	static
xmc_ccu8.c:1093:6:XMC_CCU8_SLICE_EnableDithering	24	static
xmc_ccu8.c:1120:6:XMC_CCU8_SLICE_SetPrescaler	24	static
xmc_ccu8.c:1140:6:XMC_CCU8_SLICE_SetTimerCompareMatch	16	static
xmc_ccu8.c:1158:10:XMC_CCU8_SLICE_GetTimerCompareMatch	24	static
xmc_ccu8.c:1179:6:XMC_CCU8_SLICE_SetInterruptNode	32	static
xmc_ccu8.c:1236:6:XMC_CCU8_SLICE_SetPassiveLevel	24	static
xmc_ccu8.c:1258:6:XMC_CCU8_SLICE_DeadTimeInit	16	static
xmc_ccu8.c:1272:6:XMC_CCU8_SLICE_ConfigureDeadTime	16	static
xmc_ccu8.c:1282:6:XMC_CCU8_SLICE_SetDeadTimeValue	16	static
xmc_ccu8.c:1301:6:XMC_CCU8_SLICE_SetDeadTimePrescaler	16	static
xmc_ccu8.c:1311:6:XMC_CCU8_SLICE_ConfigureStatusBitOutput	16	static
