xmc_can.h:664:22:XMC_CAN_IsPanelControlReady	16	static
xmc_can.h:692:22:XMC_CAN_PanelControl	16	static
xmc_can.h:1189:22:XMC_CAN_NODE_EnableConfigurationChange	16	static
xmc_can.h:1209:22:XMC_CAN_NODE_DisableConfigurationChange	16	static
xmc_can.c:73:26:max	16	static
xmc_can.c:78:26:min	16	static
xmc_can.c:88:6:XMC_CAN_NODE_NominalBitTimeConfigure	72	static
xmc_can.c:211:6:XMC_CAN_AllocateMOtoNodeList	16	static
xmc_can.c:224:6:XMC_CAN_Disable	16	static
xmc_can.c:237:6:XMC_CAN_Enable	16	static
xmc_can.c:334:6:XMC_CAN_Init	56	static
xmc_can.c:374:6:XMC_CAN_MO_SetIdentifier	16	static
xmc_can.c:391:10:XMC_CAN_MO_GetIdentifier	24	static
xmc_can.c:406:10:XMC_CAN_MO_GetAcceptanceMask	24	static
xmc_can.c:422:6:XMC_CAN_MO_SetAcceptanceMask	16	static
xmc_can.c:439:6:XMC_CAN_MO_Config	32	static
xmc_can.c:498:18:XMC_CAN_MO_UpdateData	24	static
xmc_can.c:523:18:XMC_CAN_MO_Transmit	32	static
xmc_can.c:548:18:XMC_CAN_MO_ReceiveData	32	static
xmc_can.c:584:18:XMC_CAN_MO_Receive	32	static
xmc_can.c:644:6:XMC_CAN_NODE_EnableEvent	16	static
xmc_can.c:657:6:XMC_CAN_NODE_DisableEvent	16	static
xmc_can.c:669:18:XMC_CAN_TXFIFO_Transmit	40	static
xmc_can.c:695:6:XMC_CAN_TXFIFO_ConfigMOBaseObject	16	static
xmc_can.c:707:6:XMC_CAN_RXFIFO_ConfigMOBaseObject	16	static
xmc_can.c:720:6:XMC_CAN_TXFIFO_ConfigMOSlaveObject	16	static
xmc_can.c:732:6:XMC_CAN_GATEWAY_InitSourceObject	24	static
