xmc_dma.h:528:26:XMC_DMA_GetEventStatus	16	static
xmc_dma.h:543:26:XMC_DMA_GetChannelsTransferCompleteStatus	16	static
xmc_dma.h:558:26:XMC_DMA_GetChannelsBlockCompleteStatus	16	static
xmc_dma.h:577:26:XMC_DMA_GetChannelsSourceTransactionCompleteStatus	16	static
xmc_dma.h:596:26:XMC_DMA_GetChannelsDestinationTransactionCompleteStatus	16	static
xmc_dma.h:611:26:XMC_DMA_GetChannelsErrorStatus	16	static
xmc_dma.c:110:6:XMC_DMA_Init	16	static
xmc_dma.c:116:6:XMC_DMA_Enable	16	static
xmc_dma.c:141:6:XMC_DMA_Disable	16	static
xmc_dma.c:166:6:XMC_DMA_IsEnabled	24	static
xmc_dma.c:199:6:XMC_DMA_EnableRequestLine	16	static
xmc_dma.c:219:6:XMC_DMA_DisableRequestLine	16	static
xmc_dma.c:235:6:XMC_DMA_ClearRequestLine	16	static
xmc_dma.c:254:6:XMC_DMA_GetOverrunStatus	24	static
xmc_dma.c:275:6:XMC_DMA_ClearOverrunStatus	16	static
xmc_dma.c:292:6:XMC_DMA_CH_Disable	16	static
xmc_dma.c:302:6:XMC_DMA_CH_IsEnabled	16	static
xmc_dma.c:308:21:XMC_DMA_CH_Init	32	static
xmc_dma.c:455:6:XMC_DMA_CH_Suspend	16	static
xmc_dma.c:461:6:XMC_DMA_CH_Resume	16	static
xmc_dma.c:467:6:XMC_DMA_CH_IsSuspended	16	static
xmc_dma.c:473:6:XMC_DMA_CH_EnableEvent	32	static
xmc_dma.c:487:6:XMC_DMA_CH_DisableEvent	32	static
xmc_dma.c:501:6:XMC_DMA_CH_ClearEventStatus	32	static
xmc_dma.c:516:10:XMC_DMA_CH_GetEventStatus	24	static
xmc_dma.c:531:6:XMC_DMA_CH_EnableSourceGather	24	static
xmc_dma.c:538:6:XMC_DMA_CH_DisableSourceGather	16	static
xmc_dma.c:544:6:XMC_DMA_CH_EnableDestinationScatter	24	static
xmc_dma.c:551:6:XMC_DMA_CH_DisableDestinationScatter	16	static
xmc_dma.c:557:6:XMC_DMA_CH_TriggerSourceRequest	16	static
xmc_dma.c:573:6:XMC_DMA_CH_TriggerDestinationRequest	16	static
xmc_dma.c:589:6:XMC_DMA_CH_EnableSourceAddressReload	16	static
xmc_dma.c:595:6:XMC_DMA_CH_DisableSourceAddressReload	16	static
xmc_dma.c:601:6:XMC_DMA_CH_EnableDestinationAddressReload	16	static
xmc_dma.c:607:6:XMC_DMA_CH_DisableDestinationAddressReload	16	static
xmc_dma.c:613:6:XMC_DMA_CH_RequestLastMultiblockTransfer	16	static
xmc_dma.c:619:6:XMC_DMA_CH_SetEventHandler	24	static
xmc_dma.c:635:6:XMC_DMA_CH_ClearSourcePeripheralRequest	24	static
xmc_dma.c:643:6:XMC_DMA_CH_ClearDestinationPeripheralRequest	24	static
xmc_dma.c:652:6:XMC_DMA_IRQHandler	40	static
