xmc_vadc.h:2544:22:XMC_VADC_GROUP_ExternalMuxControlInit	24	static
xmc_vadc.h:2674:22:XMC_VADC_GROUP_ScanEnableArbitrationSlot	16	static
xmc_vadc.h:2695:22:XMC_VADC_GROUP_ScanDisableArbitrationSlot	16	static
xmc_vadc.h:3195:22:XMC_VADC_GROUP_BackgroundEnableArbitrationSlot	16	static
xmc_vadc.h:3217:22:XMC_VADC_GROUP_BackgroundDisableArbitrationSlot	16	static
xmc_vadc.h:3744:22:XMC_VADC_GROUP_QueueEnableArbitrationSlot	16	static
xmc_vadc.h:3765:22:XMC_VADC_GROUP_QueueDisableArbitrationSlot	16	static
xmc_vadc.h:3959:22:XMC_VADC_GROUP_QueueFlushEntries	16	static
xmc_vadc.c:146:6:XMC_VADC_GLOBAL_EnableModule	8	static
xmc_vadc.c:171:6:XMC_VADC_GLOBAL_DisableModule	8	static
xmc_vadc.c:186:6:XMC_VADC_GLOBAL_Init	16	static
xmc_vadc.c:236:6:XMC_VADC_GLOBAL_InputClassInit	24	static
xmc_vadc.c:260:6:XMC_VADC_GLOBAL_StartupCalibration	24	static
xmc_vadc.c:297:6:XMC_VADC_GLOBAL_SetBoundaries	32	static
xmc_vadc.c:313:6:XMC_VADC_GLOBAL_SetIndividualBoundary	24	static
xmc_vadc.c:349:6:XMC_VADC_GLOBAL_SetCompareValue	16	static
xmc_vadc.c:358:25:XMC_VADC_GLOBAL_GetCompareResult	24	static
xmc_vadc.c:381:6:XMC_VADC_GLOBAL_BindGroupToEMux	32	static
xmc_vadc.c:408:6:XMC_VADC_GLOBAL_SetResultEventInterruptNode	24	static
xmc_vadc.c:429:6:XMC_VADC_GLOBAL_BackgroundSetReqSrcEventInterruptNode	24	static
xmc_vadc.c:450:6:XMC_VADC_GROUP_Init	16	static
xmc_vadc.c:470:6:XMC_VADC_GROUP_InputClassInit	56	static
xmc_vadc.c:520:6:XMC_VADC_GROUP_SetPowerMode	24	static
xmc_vadc.c:536:6:XMC_VADC_GROUP_SetSyncSlave	32	static
xmc_vadc.c:560:6:XMC_VADC_GROUP_SetSyncMaster	24	static
xmc_vadc.c:572:6:XMC_VADC_GROUP_CheckSlaveReadiness	24	static
xmc_vadc.c:596:6:XMC_VADC_GROUP_IgnoreSlaveReadiness	24	static
xmc_vadc.c:619:6:XMC_VADC_GROUP_SetSyncSlaveReadySignal	24	static
xmc_vadc.c:635:6:XMC_VADC_GROUP_EnableChannelSyncRequest	24	static
xmc_vadc.c:652:6:XMC_VADC_GROUP_DisableChannelSyncRequest	24	static
xmc_vadc.c:669:24:XMC_VADC_GROUP_IsConverterBusy	24	static
xmc_vadc.c:683:6:XMC_VADC_GROUP_SetBoundaries	32	static
xmc_vadc.c:699:6:XMC_VADC_GROUP_SetIndividualBoundary	24	static
xmc_vadc.c:732:6:XMC_VADC_GROUP_TriggerServiceRequest	32	static
xmc_vadc.c:1032:6:XMC_VADC_GROUP_ScanInit	24	static
xmc_vadc.c:1072:6:XMC_VADC_GROUP_ScanSelectTrigger	24	static
xmc_vadc.c:1087:6:XMC_VADC_GROUP_ScanSelectTriggerEdge	24	static
xmc_vadc.c:1102:6:XMC_VADC_GROUP_ScanSelectGating	24	static
xmc_vadc.c:1117:6:XMC_VADC_GROUP_ScanSequenceAbort	24	static
xmc_vadc.c:1146:10:XMC_VADC_GROUP_ScanGetNumChannelsPending	32	static
xmc_vadc.c:1175:6:XMC_VADC_GROUP_ScanSetReqSrcEventInterruptNode	24	static
xmc_vadc.c:1190:6:XMC_VADC_GROUP_ScanRemoveChannel	24	static
xmc_vadc.c:1204:6:XMC_VADC_GLOBAL_BackgroundInit	32	static
xmc_vadc.c:1266:6:XMC_VADC_GLOBAL_BackgroundSelectTrigger	24	static
xmc_vadc.c:1282:6:XMC_VADC_GLOBAL_BackgroundSelectTriggerEdge	24	static
xmc_vadc.c:1300:6:XMC_VADC_GLOBAL_BackgroundSelectGating	24	static
xmc_vadc.c:1315:6:XMC_VADC_GLOBAL_BackgroundAbortSequence	32	static
xmc_vadc.c:1358:10:XMC_VADC_GLOBAL_BackgroundGetNumChannelsPending	32	static
xmc_vadc.c:1393:6:XMC_VADC_GROUP_QueueInit	24	static
xmc_vadc.c:1434:6:XMC_VADC_GROUP_QueueSelectTrigger	24	static
xmc_vadc.c:1452:6:XMC_VADC_GROUP_QueueSelectTriggerEdge	24	static
xmc_vadc.c:1468:6:XMC_VADC_GROUP_QueueSelectGating	24	static
xmc_vadc.c:1484:10:XMC_VADC_GROUP_QueueGetLength	32	static
xmc_vadc.c:1513:6:XMC_VADC_GROUP_QueueAbortSequence	24	static
xmc_vadc.c:1542:6:XMC_VADC_GROUP_QueueRemoveChannel	32	static
xmc_vadc.c:1585:9:XMC_VADC_GROUP_QueueGetNextChannel	24	static
xmc_vadc.c:1613:9:XMC_VADC_GROUP_QueueGetInterruptedChannel	24	static
xmc_vadc.c:1633:6:XMC_VADC_GROUP_QueueSetReqSrcEventInterruptNode	24	static
xmc_vadc.c:1652:6:XMC_VADC_GROUP_ChannelInit	40	static
xmc_vadc.c:1700:6:XMC_VADC_GROUP_SetChannelAlias	40	static
xmc_vadc.c:1731:6:XMC_VADC_GROUP_ChannelIsResultOutOfBounds	32	static
xmc_vadc.c:1765:6:XMC_VADC_GROUP_ChannelSetInputReference	32	static
xmc_vadc.c:1782:6:XMC_VADC_GROUP_ChannelSetResultRegister	32	static
xmc_vadc.c:1802:6:XMC_VADC_GROUP_ChannelSetIclass	32	static
xmc_vadc.c:1824:9:XMC_VADC_GROUP_ChannelGetResultRegister	24	static
xmc_vadc.c:1838:6:XMC_VADC_GROUP_ChannelTriggerEvent	24	static
xmc_vadc.c:1851:6:XMC_VADC_GROUP_ChannelSetEventInterruptNode	32	static
xmc_vadc.c:1869:6:XMC_VADC_GROUP_ChannelTriggerEventGenCriteria	32	static
xmc_vadc.c:1888:7:XMC_VADC_GROUP_ChannelSetBoundarySelection	24	static
xmc_vadc.c:1902:6:XMC_VADC_GROUP_AddResultToFifo	24	static
xmc_vadc.c:1919:6:XMC_VADC_GROUP_SetResultFastCompareValue	32	static
xmc_vadc.c:1935:25:XMC_VADC_GROUP_GetFastCompareResult	24	static
xmc_vadc.c:1958:6:XMC_VADC_GROUP_SetResultSubtractionValue	24	static
xmc_vadc.c:1973:6:XMC_VADC_GROUP_SetResultInterruptNode	32	static
xmc_vadc.c:2000:10:XMC_VADC_GROUP_GetResultFifoTail	32	static
xmc_vadc.c:2056:10:XMC_VADC_GROUP_GetResultFifoHead	32	static
xmc_vadc.c:2090:6:XMC_VADC_GROUP_IsResultRegisterFifoHead	32	static
