xmc_usbd.c:180:9:XMC_USBD_lDeviceActive	24	static
xmc_usbd.c:205:13:XMC_USBD_lReadFifo	48	static
xmc_usbd.c:258:17:XMC_USBD_lWriteFifo	40	static
xmc_usbd.c:302:13:XMC_USBD_lFlushTXFifo	24	static
xmc_usbd.c:326:13:XMC_USBD_lFlushRXFifo	16	static
xmc_usbd.c:358:16:XMC_USBD_lAssignTXFifo	16	static
xmc_usbd.c:382:13:XMC_USBD_lUnassignFifo	16	static
xmc_usbd.c:398:13:XMC_USBD_lStartReadXfer	32	static
xmc_usbd.c:458:13:XMC_USBD_lStartWriteXfer	24	static
xmc_usbd.c:520:13:XMC_USBD_lHandleUSBReset	40	static
xmc_usbd.c:603:13:XMC_USBD_lHandleOTGInt	16	static
xmc_usbd.c:621:13:XMC_USBD_lHandleEnumDone	16	static
xmc_usbd.c:654:13:XMC_USBD_lHandleOEPInt	56	static
xmc_usbd.c:746:13:XMC_USBD_lHandleIEPInt	56	static
xmc_usbd.c:835:13:XMC_USBD_lHandleRxFLvl	16	static
xmc_usbd.c:866:6:XMC_USBD_IRQHandler	24	static
xmc_usbd.c:941:6:XMC_USBD_Enable	8	static
xmc_usbd.c:954:6:XMC_USBD_Disable	8	static
xmc_usbd.c:967:6:XMC_USBD_ClearEvent	24	static
xmc_usbd.c:1009:13:XMC_USBD_lClearEventOTG	24	static
xmc_usbd.c:1019:6:XMC_USBD_ClearEventINEP	24	static
xmc_usbd.c:1029:6:XMC_USBD_ClearEventOUTEP	24	static
xmc_usbd.c:1039:6:XMC_USBD_EnableEventOUTEP	24	static
xmc_usbd.c:1049:6:XMC_USBD_EnableEventINEP	24	static
xmc_usbd.c:1059:25:XMC_USBD_GetCapabilities	16	static
xmc_usbd.c:1083:19:XMC_USBD_Init	48	static
xmc_usbd.c:1200:19:XMC_USBD_Uninitialize	16	static
xmc_usbd.c:1215:19:XMC_USBD_DeviceConnect	16	static
xmc_usbd.c:1228:19:XMC_USBD_DeviceDisconnect	16	static
xmc_usbd.c:1240:18:XMC_USBD_DeviceGetState	24	static
xmc_usbd.c:1253:19:XMC_USBD_EndpointReadStart	24	static
xmc_usbd.c:1284:9:XMC_USBD_EndpointRead	32	static
xmc_usbd.c:1307:9:XMC_USBD_EndpointWrite	32	static
xmc_usbd.c:1343:19:XMC_USBD_DeviceSetAddress	24	static
xmc_usbd.c:1358:19:XMC_USBD_EndpointStall	24	static
xmc_usbd.c:1405:19:XMC_USBD_EndpointAbort	24	static
xmc_usbd.c:1428:19:XMC_USBD_EndpointConfigure	32	static
xmc_usbd.c:1547:19:XMC_USBD_EndpointUnconfigure	40	static
xmc_usbd.c:1600:10:XMC_USBD_GetFrameNumber	16	static
xmc_usbd.c:1614:10:XMC_USBD_IsEnumDone	4	static
