Archive member included to satisfy reference by file (symbol)

/usr/lib/gcc/arm-none-eabi/4.9.3/../../../arm-none-eabi/lib/armv7e-m/softfp/libg.a(lib_a-init.o)
                              /tmp/ccbauOjU.o (__libc_init_array)
/usr/lib/gcc/arm-none-eabi/4.9.3/../../../arm-none-eabi/lib/armv7e-m/softfp/libg.a(lib_a-memcpy.o)
                              src/xmc4500_uart_lib.o (memcpy)
/usr/lib/gcc/arm-none-eabi/4.9.3/../../../arm-none-eabi/lib/armv7e-m/softfp/libg.a(lib_a-memset.o)
                              src/xmc4500_uart_lib.o (memset)
/usr/lib/gcc/arm-none-eabi/4.9.3/../../../arm-none-eabi/lib/armv7e-m/softfp/libg.a(lib_a-strlen.o)
                              src/xmc4500_uart_lib.o (strlen)
/usr/lib/gcc/arm-none-eabi/4.9.3/../../../arm-none-eabi/lib/armv7e-m/softfp/libg.a(lib_a-vsprintf.o)
                              src/xmc4500_uart_lib.o (vsprintf)
/usr/lib/gcc/arm-none-eabi/4.9.3/../../../arm-none-eabi/lib/armv7e-m/softfp/libg.a(lib_a-impure.o)
                              /usr/lib/gcc/arm-none-eabi/4.9.3/../../../arm-none-eabi/lib/armv7e-m/softfp/libg.a(lib_a-vsprintf.o) (_impure_ptr)
/usr/lib/gcc/arm-none-eabi/4.9.3/../../../arm-none-eabi/lib/armv7e-m/softfp/libg.a(lib_a-svfprintf.o)
                              /usr/lib/gcc/arm-none-eabi/4.9.3/../../../arm-none-eabi/lib/armv7e-m/softfp/libg.a(lib_a-vsprintf.o) (_svfprintf_r)
/usr/lib/gcc/arm-none-eabi/4.9.3/../../../arm-none-eabi/lib/armv7e-m/softfp/libg.a(lib_a-dtoa.o)
                              /usr/lib/gcc/arm-none-eabi/4.9.3/../../../arm-none-eabi/lib/armv7e-m/softfp/libg.a(lib_a-svfprintf.o) (_dtoa_r)
/usr/lib/gcc/arm-none-eabi/4.9.3/../../../arm-none-eabi/lib/armv7e-m/softfp/libg.a(lib_a-locale.o)
                              /usr/lib/gcc/arm-none-eabi/4.9.3/../../../arm-none-eabi/lib/armv7e-m/softfp/libg.a(lib_a-svfprintf.o) (_localeconv_r)
/usr/lib/gcc/arm-none-eabi/4.9.3/../../../arm-none-eabi/lib/armv7e-m/softfp/libg.a(lib_a-mallocr.o)
                              /usr/lib/gcc/arm-none-eabi/4.9.3/../../../arm-none-eabi/lib/armv7e-m/softfp/libg.a(lib_a-svfprintf.o) (_malloc_r)
/usr/lib/gcc/arm-none-eabi/4.9.3/../../../arm-none-eabi/lib/armv7e-m/softfp/libg.a(lib_a-memchr.o)
                              /usr/lib/gcc/arm-none-eabi/4.9.3/../../../arm-none-eabi/lib/armv7e-m/softfp/libg.a(lib_a-svfprintf.o) (memchr)
/usr/lib/gcc/arm-none-eabi/4.9.3/../../../arm-none-eabi/lib/armv7e-m/softfp/libg.a(lib_a-mlock.o)
                              /usr/lib/gcc/arm-none-eabi/4.9.3/../../../arm-none-eabi/lib/armv7e-m/softfp/libg.a(lib_a-mallocr.o) (__malloc_lock)
/usr/lib/gcc/arm-none-eabi/4.9.3/../../../arm-none-eabi/lib/armv7e-m/softfp/libg.a(lib_a-mprec.o)
                              /usr/lib/gcc/arm-none-eabi/4.9.3/../../../arm-none-eabi/lib/armv7e-m/softfp/libg.a(lib_a-dtoa.o) (_Balloc)
/usr/lib/gcc/arm-none-eabi/4.9.3/../../../arm-none-eabi/lib/armv7e-m/softfp/libg.a(lib_a-s_fpclassify.o)
                              /usr/lib/gcc/arm-none-eabi/4.9.3/../../../arm-none-eabi/lib/armv7e-m/softfp/libg.a(lib_a-svfprintf.o) (__fpclassifyd)
/usr/lib/gcc/arm-none-eabi/4.9.3/../../../arm-none-eabi/lib/armv7e-m/softfp/libg.a(lib_a-sbrkr.o)
                              /usr/lib/gcc/arm-none-eabi/4.9.3/../../../arm-none-eabi/lib/armv7e-m/softfp/libg.a(lib_a-mallocr.o) (_sbrk_r)
/usr/lib/gcc/arm-none-eabi/4.9.3/../../../arm-none-eabi/lib/armv7e-m/softfp/libg.a(lib_a-strcmp.o)
                              /usr/lib/gcc/arm-none-eabi/4.9.3/../../../arm-none-eabi/lib/armv7e-m/softfp/libg.a(lib_a-locale.o) (strcmp)
/usr/lib/gcc/arm-none-eabi/4.9.3/../../../arm-none-eabi/lib/armv7e-m/softfp/libg.a(lib_a-svfiprintf.o)
                              /usr/lib/gcc/arm-none-eabi/4.9.3/../../../arm-none-eabi/lib/armv7e-m/softfp/libg.a(lib_a-svfprintf.o) (__ssprint_r)
/usr/lib/gcc/arm-none-eabi/4.9.3/../../../arm-none-eabi/lib/armv7e-m/softfp/libg.a(lib_a-callocr.o)
                              /usr/lib/gcc/arm-none-eabi/4.9.3/../../../arm-none-eabi/lib/armv7e-m/softfp/libg.a(lib_a-mprec.o) (_calloc_r)
/usr/lib/gcc/arm-none-eabi/4.9.3/../../../arm-none-eabi/lib/armv7e-m/softfp/libg.a(lib_a-freer.o)
                              /usr/lib/gcc/arm-none-eabi/4.9.3/../../../arm-none-eabi/lib/armv7e-m/softfp/libg.a(lib_a-mallocr.o) (_free_r)
/usr/lib/gcc/arm-none-eabi/4.9.3/../../../arm-none-eabi/lib/armv7e-m/softfp/libg.a(lib_a-memmove.o)
                              /usr/lib/gcc/arm-none-eabi/4.9.3/../../../arm-none-eabi/lib/armv7e-m/softfp/libg.a(lib_a-svfiprintf.o) (memmove)
/usr/lib/gcc/arm-none-eabi/4.9.3/../../../arm-none-eabi/lib/armv7e-m/softfp/libg.a(lib_a-reallocr.o)
                              /usr/lib/gcc/arm-none-eabi/4.9.3/../../../arm-none-eabi/lib/armv7e-m/softfp/libg.a(lib_a-svfiprintf.o) (_realloc_r)
/usr/lib/gcc/arm-none-eabi/4.9.3/../../../arm-none-eabi/lib/armv7e-m/softfp/libg.a(lib_a-reent.o)
                              /usr/lib/gcc/arm-none-eabi/4.9.3/../../../arm-none-eabi/lib/armv7e-m/softfp/libg.a(lib_a-sbrkr.o) (errno)
[...]
Memory Configuration

Name             Origin             Length             Attributes
FLASH_1_cached   0x0000000008000000 0x0000000000100000 xr
FLASH_1_uncached 0x000000000c000000 0x0000000000100000 xr
PSRAM_1          0x0000000010000000 0x0000000000010000 !xr
DSRAM_1_system   0x0000000020000000 0x0000000000010000 !xr
DSRAM_2_comm     0x0000000030000000 0x0000000000008000 !xr
*default*        0x0000000000000000 0xffffffffffffffff

Linker script and memory map

LOAD src/lis3dh_driver.o
LOAD src/xmc4500_uart_lib.o
LOAD src/main.o
LOAD src/xmc4500_i2c_lib.o
LOAD src/xmc4500_interface_lib.o
LOAD src/lis3dh_lib.o
LOAD ./system/CMSIS/Infineon/Lib/System_LibcStubs.o
LOAD ./system/CMSIS/Infineon/XMC4500_series/Source/system_XMC4500.o
LOAD ./xmclib/src/xmc_posif.o
LOAD ./xmclib/src/xmc4_rtc.o
LOAD ./xmclib/src/xmc_ebu.o
LOAD ./xmclib/src/xmc_dsd.o
LOAD ./xmclib/src/xmc_rtc.o
LOAD ./xmclib/src/xmc_usbh.o
LOAD ./xmclib/src/xmc_acmp.o
LOAD ./xmclib/src/xmc4_gpio.o
LOAD ./xmclib/src/xmc_eth_mac.o
LOAD ./xmclib/src/xmc_i2s.o
LOAD ./xmclib/src/xmc_bccu.o
LOAD ./xmclib/src/xmc_gpio.o
LOAD ./xmclib/src/xmc4_eru.o
LOAD ./xmclib/src/xmc_ecat.o
LOAD ./xmclib/src/xmc_vadc.o
LOAD ./xmclib/src/xmc_dac.o
LOAD ./xmclib/src/xmc_can.o
LOAD ./xmclib/src/xmc_eru.o
LOAD ./xmclib/src/xmc_ledts.o
LOAD ./xmclib/src/xmc4_flash.o
LOAD ./xmclib/src/xmc_hrpwm.o
LOAD ./xmclib/src/xmc_i2c.o
LOAD ./xmclib/src/xmc_sdmmc.o
LOAD ./xmclib/src/xmc_usbd.o
LOAD ./xmclib/src/xmc_ccu8.o
LOAD ./xmclib/src/xmc_uart.o
LOAD ./xmclib/src/xmc_spi.o
LOAD ./xmclib/src/xmc_pau.o
LOAD ./xmclib/src/xmc_fce.o
LOAD ./xmclib/src/xmc_wdt.o
LOAD ./xmclib/src/xmc_eth_phy_dp83848.o
LOAD ./xmclib/src/xmc4_scu.o
LOAD ./xmclib/src/xmc_prng.o
LOAD ./xmclib/src/xmc_ccu4.o
LOAD ./xmclib/src/xmc_eth_phy_ksz8081rnb.o
LOAD ./xmclib/src/xmc_usic.o
LOAD ./xmclib/src/xmc_common.o
LOAD ./xmclib/src/xmc_math.o
LOAD ./xmclib/src/xmc_dma.o
LOAD ./xmclib/src/xmc_eth_phy_ksz8031rnl.o
LOAD /tmp/ccbauOjU.o
LOAD ./system/CMSIS/Lib/GCC/libarm_cortexM4lf_math.a
LOAD ./system/CMSIS/Infineon/Lib/libxmclibcstubs.a
START GROUP
LOAD /usr/lib/gcc/arm-none-eabi/4.9.3/armv7e-m/softfp/libgcc.a
LOAD /usr/lib/gcc/arm-none-eabi/4.9.3/../../../arm-none-eabi/lib/armv7e-m/softfp/libg.a
LOAD /usr/lib/gcc/arm-none-eabi/4.9.3/../../../arm-none-eabi/lib/armv7e-m/softfp/libc.a
END GROUP
                0x0000000000000800                stack_size = DEFINED (stack_size)?stack_size:0x800
                0x0000000000000040                no_init_size = 0x40

.text           0x0000000008000000     0x6a60 load address 0x000000000c000000
                0x0000000008000000                sText = .
 *(.reset)
 .reset         0x0000000008000000      0x2b2 /tmp/ccbauOjU.o
                0x0000000008000000                __Vectors
                0x0000000008000200                Reset_Handler
                0x00000000080002b0                VADC0_C0_3_IRQHandler
                0x00000000080002b0                DSD0_7_IRQHandler
                0x00000000080002b0                DebugMon_Handler
                0x00000000080002b0                VADC0_C0_0_IRQHandler
                0x00000000080002b0                CAN0_4_IRQHandler
                0x00000000080002b0                VADC0_G2_0_IRQHandler
                0x00000000080002b0                USIC0_5_IRQHandler
                0x00000000080002b0                POSIF0_0_IRQHandler
                0x00000000080002b0                POSIF1_0_IRQHandler
                0x00000000080002b0                HardFault_Handler
                0x00000000080002b0                VADC0_G1_1_IRQHandler
                0x00000000080002b0                PendSV_Handler
                0x00000000080002b0                NMI_Handler
                0x00000000080002b0                USIC1_3_IRQHandler
                0x00000000080002b0                CCU40_2_IRQHandler
                0x00000000080002b0                SCU_0_IRQHandler
                0x00000000080002b0                ERU0_0_IRQHandler
                0x00000000080002b0                CCU41_0_IRQHandler
                0x00000000080002b0                USIC1_5_IRQHandler
                0x00000000080002b0                DSD0_4_IRQHandler
                0x00000000080002b0                CCU80_1_IRQHandler
                0x00000000080002b0                CCU81_0_IRQHandler
                0x00000000080002b0                UsageFault_Handler
                0x00000000080002b0                POSIF1_1_IRQHandler
                0x00000000080002b0                ERU0_2_IRQHandler
                0x00000000080002b0                CCU81_1_IRQHandler
                0x00000000080002b0                ERU1_1_IRQHandler
                0x00000000080002b0                VADC0_G2_3_IRQHandler
                0x00000000080002b0                VADC0_G2_2_IRQHandler
                0x00000000080002b0                CCU42_3_IRQHandler
                0x00000000080002b0                ERU0_3_IRQHandler
                0x00000000080002b0                DSD0_5_IRQHandler
                0x00000000080002b0                CAN0_6_IRQHandler
                0x00000000080002b0                CCU43_0_IRQHandler
                0x00000000080002b0                VADC0_G0_1_IRQHandler
                0x00000000080002b0                CCU81_2_IRQHandler
                0x00000000080002b0                USIC2_4_IRQHandler
                0x00000000080002b0                CCU81_3_IRQHandler
                0x00000000080002b0                CCU42_1_IRQHandler
                0x00000000080002b0                USIC1_1_IRQHandler
                0x00000000080002b0                USIC2_5_IRQHandler
                0x00000000080002b0                CCU40_0_IRQHandler
                0x00000000080002b0                CAN0_0_IRQHandler
                0x00000000080002b0                ERU1_0_IRQHandler
                0x00000000080002b0                CCU42_2_IRQHandler
                0x00000000080002b0                Default_Handler
                0x00000000080002b0                USIC1_4_IRQHandler
                0x00000000080002b0                ERU1_3_IRQHandler
                0x00000000080002b0                USIC1_0_IRQHandler
                0x00000000080002b0                POSIF0_1_IRQHandler
                0x00000000080002b0                VADC0_G0_0_IRQHandler
                0x00000000080002b0                DSD0_2_IRQHandler
                0x00000000080002b0                CCU80_3_IRQHandler
                0x00000000080002b0                CCU41_3_IRQHandler
                0x00000000080002b0                CCU80_2_IRQHandler
                0x00000000080002b0                VADC0_G1_3_IRQHandler
                0x00000000080002b0                VADC0_G0_3_IRQHandler
                0x00000000080002b0                GPDMA0_0_IRQHandler
                0x00000000080002b0                PMU0_0_IRQHandler
                0x00000000080002b0                CAN0_7_IRQHandler
                0x00000000080002b0                DSD0_1_IRQHandler
                0x00000000080002b0                CCU41_2_IRQHandler
                0x00000000080002b0                VADC0_C0_1_IRQHandler
                0x00000000080002b0                CCU43_2_IRQHandler
                0x00000000080002b0                USIC2_2_IRQHandler
                0x00000000080002b0                MemManage_Handler
                0x00000000080002b0                VADC0_G3_1_IRQHandler
                0x00000000080002b0                DAC0_0_IRQHandler
                0x00000000080002b0                SVC_Handler
                0x00000000080002b0                VADC0_G3_3_IRQHandler
                0x00000000080002b0                ERU1_2_IRQHandler
                0x00000000080002b0                CCU41_1_IRQHandler
                0x00000000080002b0                DSD0_6_IRQHandler
                0x00000000080002b0                CCU43_1_IRQHandler
                0x00000000080002b0                VADC0_G1_2_IRQHandler
                0x00000000080002b0                USIC2_3_IRQHandler
                0x00000000080002b0                CAN0_2_IRQHandler
                0x00000000080002b0                USIC2_0_IRQHandler
                0x00000000080002b0                VADC0_G0_2_IRQHandler
                0x00000000080002b0                VADC0_G2_1_IRQHandler
                0x00000000080002b0                CAN0_3_IRQHandler
                0x00000000080002b0                ETH0_0_IRQHandler
                0x00000000080002b0                USIC0_3_IRQHandler
                0x00000000080002b0                DSD0_0_IRQHandler
                0x00000000080002b0                VADC0_C0_2_IRQHandler
                0x00000000080002b0                CCU42_0_IRQHandler
                0x00000000080002b0                FCE0_0_IRQHandler
                0x00000000080002b0                VADC0_G1_0_IRQHandler
                0x00000000080002b0                USB0_0_IRQHandler
                0x00000000080002b0                CAN0_5_IRQHandler
                0x00000000080002b0                CCU80_0_IRQHandler
                0x00000000080002b0                CCU40_1_IRQHandler
                0x00000000080002b0                USIC2_1_IRQHandler
                0x00000000080002b0                USIC0_1_IRQHandler
                0x00000000080002b0                VADC0_G3_2_IRQHandler
                0x00000000080002b0                CCU40_3_IRQHandler
                0x00000000080002b0                BusFault_Handler
                0x00000000080002b0                LEDTS0_0_IRQHandler
                0x00000000080002b0                USIC0_4_IRQHandler
                0x00000000080002b0                CCU43_3_IRQHandler
                0x00000000080002b0                ERU0_1_IRQHandler
                0x00000000080002b0                VADC0_G3_0_IRQHandler
                0x00000000080002b0                USIC1_2_IRQHandler
                0x00000000080002b0                DSD0_3_IRQHandler
                0x00000000080002b0                SDMMC0_0_IRQHandler
                0x00000000080002b0                CAN0_1_IRQHandler
                0x00000000080002b0                USIC0_2_IRQHandler
                0x00000000080002b0                DAC0_1_IRQHandler
                0x00000000080002b0                GPDMA1_0_IRQHandler
 *(.text .text.* .gnu.linkonce.t.*)
 *fill*         0x00000000080002b2        0x2 
 .text.XMC_USIC_CH_GetReceiveBufferStatus
                0x00000000080002b4       0x1c src/lis3dh_driver.o
 .text.XMC_I2C_CH_GetStatusFlag
                0x00000000080002d0       0x18 src/lis3dh_driver.o
 .text.XMC_I2C_CH_ClearStatusFlag
                0x00000000080002e8       0x20 src/lis3dh_driver.o
 .text.LIS3DH_ReadReg
                0x0000000008000308       0xd4 src/lis3dh_driver.o
                0x0000000008000308                LIS3DH_ReadReg
 .text.LIS3DH_WriteReg
                0x00000000080003dc       0xa0 src/lis3dh_driver.o
                0x00000000080003dc                LIS3DH_WriteReg
 .text.LIS3DH_SetODR
                0x000000000800047c       0x5c src/lis3dh_driver.o
                0x000000000800047c                LIS3DH_SetODR
 .text.LIS3DH_SetMode
                0x00000000080004d8       0xfc src/lis3dh_driver.o
                0x00000000080004d8                LIS3DH_SetMode
 .text.LIS3DH_SetAxis
                0x00000000080005d4       0x58 src/lis3dh_driver.o
                0x00000000080005d4                LIS3DH_SetAxis
 .text.LIS3DH_SetFullScale
                0x000000000800062c       0x5c src/lis3dh_driver.o
                0x000000000800062c                LIS3DH_SetFullScale
 .text.LIS3DH_GetAccAxesRaw
                0x0000000008000688       0xa0 src/lis3dh_driver.o
                0x0000000008000688                LIS3DH_GetAccAxesRaw
 .text.__NVIC_EnableIRQ
                0x0000000008000728       0x38 src/xmc4500_uart_lib.o
 .text.__NVIC_SetPriority
                0x0000000008000760       0x54 src/xmc4500_uart_lib.o
 .text.XMC_USIC_CH_SetInputSource
                0x00000000080007b4       0x3c src/xmc4500_uart_lib.o
 .text.XMC_USIC_CH_GetTransmitBufferStatus
                0x00000000080007f0       0x20 src/xmc4500_uart_lib.o
 .text.XMC_USIC_CH_RXFIFO_EnableEvent
                0x0000000008000810       0x24 src/xmc4500_uart_lib.o
 .text.XMC_USIC_CH_RXFIFO_IsEmpty
                0x0000000008000834       0x28 src/xmc4500_uart_lib.o
 .text.XMC_UART_CH_Start
                0x000000000800085c       0x24 src/xmc4500_uart_lib.o
 .text.XMC_UART_CH_SetInputSource
                0x0000000008000880       0x40 src/xmc4500_uart_lib.o
 .text._init_uart0_ch0
                0x00000000080008c0       0x8c src/xmc4500_uart_lib.o
                0x00000000080008c0                _init_uart0_ch0
 .text.USIC0_0_IRQHandler
                0x000000000800094c       0x74 src/xmc4500_uart_lib.o
                0x000000000800094c                USIC0_0_IRQHandler
 .text._uart_send_char
                0x00000000080009c0       0x34 src/xmc4500_uart_lib.o
                0x00000000080009c0                _uart_send_char
 .text._uart_printf
                0x00000000080009f4       0x48 src/xmc4500_uart_lib.o
                0x00000000080009f4                _uart_printf
 .text._uart_send_string
                0x0000000008000a3c       0x5c src/xmc4500_uart_lib.o
                0x0000000008000a3c                _uart_send_string
 .text.__NVIC_SetPriority
                0x0000000008000a98       0x54 src/main.o
 .text.SysTick_Config
                0x0000000008000aec       0x44 src/main.o
 .text.XMC_GPIO_ToggleOutput
                0x0000000008000b30       0x24 src/main.o
 .text.SysTick_Handler
                0x0000000008000b54       0x4c src/main.o
                0x0000000008000b54                SysTick_Handler
 .text.main     0x0000000008000ba0      0x14c src/main.o
                0x0000000008000ba0                main
 .text.XMC_USIC_CH_SetInputSource
                0x0000000008000cec       0x3c src/xmc4500_i2c_lib.o
 .text.XMC_USIC_CH_SetMode
                0x0000000008000d28       0x28 src/xmc4500_i2c_lib.o
 .text.XMC_I2C_CH_Start
                0x0000000008000d50       0x18 src/xmc4500_i2c_lib.o
 .text.XMC_I2C_CH_SetInputSource
                0x0000000008000d68       0x44 src/xmc4500_i2c_lib.o
 .text.init_i2c
                0x0000000008000dac       0xa0 src/xmc4500_i2c_lib.o
                0x0000000008000dac                init_i2c
 .text.init_interface
                0x0000000008000e4c       0x6c src/xmc4500_interface_lib.o
                0x0000000008000e4c                init_interface
 .text.check_button
                0x0000000008000eb8       0x80 src/xmc4500_interface_lib.o
                0x0000000008000eb8                check_button
 .text.init_buff
                0x0000000008000f38       0x34 src/xmc4500_interface_lib.o
                0x0000000008000f38                init_buff
 .text.write_buff
                0x0000000008000f6c       0x80 src/xmc4500_interface_lib.o
                0x0000000008000f6c                write_buff
 .text.read_buff
                0x0000000008000fec       0x84 src/xmc4500_interface_lib.o
                0x0000000008000fec                read_buff
 .text.init_lis3dh
                0x0000000008001070       0x74 src/lis3dh_lib.o
                0x0000000008001070                init_lis3dh
 .text._sbrk    0x00000000080010e4       0x70 ./system/CMSIS/Infineon/Lib/System_LibcStubs.o
                0x00000000080010e4                _sbrk
 .text._init    0x0000000008001154        0xc ./system/CMSIS/Infineon/Lib/System_LibcStubs.o
                0x0000000008001154                _init
 .text.delay    0x0000000008001160       0x28 ./system/CMSIS/Infineon/XMC4500_series/Source/system_XMC4500.o
 .text.SystemInit
                0x0000000008001188       0x20 ./system/CMSIS/Infineon/XMC4500_series/Source/system_XMC4500.o
                0x0000000008001188                SystemInit
 .text.SystemCoreSetup
                0x00000000080011a8       0x70 ./system/CMSIS/Infineon/XMC4500_series/Source/system_XMC4500.o
                0x00000000080011a8                SystemCoreSetup
 .text.SystemCoreClockSetup
                0x0000000008001218      0x208 ./system/CMSIS/Infineon/XMC4500_series/Source/system_XMC4500.o
                0x0000000008001218                SystemCoreClockSetup
 .text.SystemCoreClockUpdate
                0x0000000008001420       0xd4 ./system/CMSIS/Infineon/XMC4500_series/Source/system_XMC4500.o
                0x0000000008001420                SystemCoreClockUpdate
 .text.OSCHP_GetFrequency
                0x00000000080014f4       0x14 ./system/CMSIS/Infineon/XMC4500_series/Source/system_XMC4500.o
                0x00000000080014f4                OSCHP_GetFrequency
 .text.XMC_GPIO_Init
                0x0000000008001508      0x140 ./xmclib/src/xmc4_gpio.o
                0x0000000008001508                XMC_GPIO_Init
 .text.XMC_USIC_CH_GetTransmitBufferStatus
                0x0000000008001648       0x20 ./xmclib/src/xmc_i2c.o
 .text.XMC_I2C_CH_ClearStatusFlag
                0x0000000008001668       0x20 ./xmclib/src/xmc_i2c.o
 .text.XMC_I2C_CH_Init
                0x0000000008001688       0x50 ./xmclib/src/xmc_i2c.o
                0x0000000008001688                XMC_I2C_CH_Init
 .text.XMC_I2C_CH_SetSlaveAddress
                0x00000000080016d8       0x40 ./xmclib/src/xmc_i2c.o
                0x00000000080016d8                XMC_I2C_CH_SetSlaveAddress
 .text.XMC_I2C_CH_SetBaudrate
                0x0000000008001718       0x78 ./xmclib/src/xmc_i2c.o
                0x0000000008001718                XMC_I2C_CH_SetBaudrate
 .text.XMC_I2C_CH_MasterStart
                0x0000000008001790       0x68 ./xmclib/src/xmc_i2c.o
                0x0000000008001790                XMC_I2C_CH_MasterStart
 .text.XMC_I2C_CH_MasterRepeatedStart
                0x00000000080017f8       0x68 ./xmclib/src/xmc_i2c.o
                0x00000000080017f8                XMC_I2C_CH_MasterRepeatedStart
 .text.XMC_I2C_CH_MasterStop
                0x0000000008001860       0x4c ./xmclib/src/xmc_i2c.o
                0x0000000008001860                XMC_I2C_CH_MasterStop
 .text.XMC_I2C_CH_MasterTransmit
                0x00000000080018ac       0x4c ./xmclib/src/xmc_i2c.o
                0x00000000080018ac                XMC_I2C_CH_MasterTransmit
 .text.XMC_I2C_CH_MasterReceiveNack
                0x00000000080018f8       0x4c ./xmclib/src/xmc_i2c.o
                0x00000000080018f8                XMC_I2C_CH_MasterReceiveNack
 .text.XMC_I2C_CH_GetReceivedData
                0x0000000008001944       0x34 ./xmclib/src/xmc_i2c.o
                0x0000000008001944                XMC_I2C_CH_GetReceivedData
 .text.XMC_USIC_CH_GetTransmitBufferStatus
                0x0000000008001978       0x20 ./xmclib/src/xmc_uart.o
 .text.XMC_UART_CH_ClearStatusFlag
                0x0000000008001998       0x1c ./xmclib/src/xmc_uart.o
 .text.XMC_UART_CH_Init
                0x00000000080019b4       0xac ./xmclib/src/xmc_uart.o
                0x00000000080019b4                XMC_UART_CH_Init
 .text.XMC_UART_CH_Transmit
                0x0000000008001a60       0x4c ./xmclib/src/xmc_uart.o
                0x0000000008001a60                XMC_UART_CH_Transmit
 .text.XMC_UART_CH_GetReceivedData
                0x0000000008001aac       0x34 ./xmclib/src/xmc_uart.o
                0x0000000008001aac                XMC_UART_CH_GetReceivedData
 .text.XMC_SCU_CLOCK_GetCpuClockFrequency
                0x0000000008001ae0       0x18 ./xmclib/src/xmc4_scu.o
 .text.XMC_SCU_RESET_DeassertPeripheralReset
                0x0000000008001af8       0x38 ./xmclib/src/xmc4_scu.o
                0x0000000008001af8                XMC_SCU_RESET_DeassertPeripheralReset
 .text.XMC_SCU_CLOCK_GetPeripheralClockFrequency
                0x0000000008001b30       0x20 ./xmclib/src/xmc4_scu.o
                0x0000000008001b30                XMC_SCU_CLOCK_GetPeripheralClockFrequency
 .text.XMC_USIC_CH_Enable
                0x0000000008001b50       0x98 ./xmclib/src/xmc_usic.o
                0x0000000008001b50                XMC_USIC_CH_Enable
 .text.XMC_USIC_CH_SetBaudrate
                0x0000000008001be8       0xe0 ./xmclib/src/xmc_usic.o
                0x0000000008001be8                XMC_USIC_CH_SetBaudrate
 .text.XMC_USIC_CH_TXFIFO_Configure
                0x0000000008001cc8       0x50 ./xmclib/src/xmc_usic.o
                0x0000000008001cc8                XMC_USIC_CH_TXFIFO_Configure
 .text.XMC_USIC_CH_RXFIFO_Configure
                0x0000000008001d18       0x54 ./xmclib/src/xmc_usic.o
                0x0000000008001d18                XMC_USIC_CH_RXFIFO_Configure
 .text.XMC_USIC_CH_RXFIFO_SetInterruptNodePointer
                0x0000000008001d6c       0x3c ./xmclib/src/xmc_usic.o
                0x0000000008001d6c                XMC_USIC_CH_RXFIFO_SetInterruptNodePointer
 .text.XMC_USIC_Enable
                0x0000000008001da8       0x54 ./xmclib/src/xmc_usic.o
                0x0000000008001da8                XMC_USIC_Enable
 .text.__libc_init_array
                0x0000000008001dfc       0x50 /usr/lib/gcc/arm-none-eabi/4.9.3/../../../arm-none-eabi/lib/armv7e-m/softfp/libg.a(lib_a-init.o)
                0x0000000008001dfc                __libc_init_array
 .text          0x0000000008001e4c      0x134 /usr/lib/gcc/arm-none-eabi/4.9.3/../../../arm-none-eabi/lib/armv7e-m/softfp/libg.a(lib_a-memcpy.o)
                0x0000000008001e4c                memcpy
 .text.memset   0x0000000008001f80       0x9c /usr/lib/gcc/arm-none-eabi/4.9.3/../../../arm-none-eabi/lib/armv7e-m/softfp/libg.a(lib_a-memset.o)
                0x0000000008001f80                memset
 .text.strlen   0x000000000800201c       0x5c /usr/lib/gcc/arm-none-eabi/4.9.3/../../../arm-none-eabi/lib/armv7e-m/softfp/libg.a(lib_a-strlen.o)
                0x000000000800201c                strlen
 .text._vsprintf_r
                0x0000000008002078       0x34 /usr/lib/gcc/arm-none-eabi/4.9.3/../../../arm-none-eabi/lib/armv7e-m/softfp/libg.a(lib_a-vsprintf.o)
                0x0000000008002078                _vsprintf_r
 .text.vsprintf
                0x00000000080020ac       0x18 /usr/lib/gcc/arm-none-eabi/4.9.3/../../../arm-none-eabi/lib/armv7e-m/softfp/libg.a(lib_a-vsprintf.o)
                0x00000000080020ac                vsprintf
 *fill*         0x00000000080020c4        0x4 
 .text._svfprintf_r
                0x00000000080020c8     0x14d0 /usr/lib/gcc/arm-none-eabi/4.9.3/../../../arm-none-eabi/lib/armv7e-m/softfp/libg.a(lib_a-svfprintf.o)
                0x00000000080020c8                _svfprintf_r
 .text.quorem   0x0000000008003598      0x12c /usr/lib/gcc/arm-none-eabi/4.9.3/../../../arm-none-eabi/lib/armv7e-m/softfp/libg.a(lib_a-dtoa.o)
 *fill*         0x00000000080036c4        0x4 
 .text._dtoa_r  0x00000000080036c8      0xe90 /usr/lib/gcc/arm-none-eabi/4.9.3/../../../arm-none-eabi/lib/armv7e-m/softfp/libg.a(lib_a-dtoa.o)
                0x00000000080036c8                _dtoa_r
 .text._localeconv_r
                0x0000000008004558        0x8 /usr/lib/gcc/arm-none-eabi/4.9.3/../../../arm-none-eabi/lib/armv7e-m/softfp/libg.a(lib_a-locale.o)
                0x0000000008004558                _localeconv_r
 .text._malloc_r
                0x0000000008004560      0x524 /usr/lib/gcc/arm-none-eabi/4.9.3/../../../arm-none-eabi/lib/armv7e-m/softfp/libg.a(lib_a-mallocr.o)
                0x0000000008004560                _malloc_r
 .text.memchr   0x0000000008004a84       0x94 /usr/lib/gcc/arm-none-eabi/4.9.3/../../../arm-none-eabi/lib/armv7e-m/softfp/libg.a(lib_a-memchr.o)
                0x0000000008004a84                memchr
 .text.__malloc_lock
                0x0000000008004b18        0x4 /usr/lib/gcc/arm-none-eabi/4.9.3/../../../arm-none-eabi/lib/armv7e-m/softfp/libg.a(lib_a-mlock.o)
                0x0000000008004b18                __malloc_lock
 .text.__malloc_unlock
                0x0000000008004b1c        0x4 /usr/lib/gcc/arm-none-eabi/4.9.3/../../../arm-none-eabi/lib/armv7e-m/softfp/libg.a(lib_a-mlock.o)
                0x0000000008004b1c                __malloc_unlock
 .text._Balloc  0x0000000008004b20       0x4c /usr/lib/gcc/arm-none-eabi/4.9.3/../../../arm-none-eabi/lib/armv7e-m/softfp/libg.a(lib_a-mprec.o)
                0x0000000008004b20                _Balloc
 .text._Bfree   0x0000000008004b6c       0x14 /usr/lib/gcc/arm-none-eabi/4.9.3/../../../arm-none-eabi/lib/armv7e-m/softfp/libg.a(lib_a-mprec.o)
                0x0000000008004b6c                _Bfree
 .text.__multadd
                0x0000000008004b80       0x84 /usr/lib/gcc/arm-none-eabi/4.9.3/../../../arm-none-eabi/lib/armv7e-m/softfp/libg.a(lib_a-mprec.o)
                0x0000000008004b80                __multadd
 .text.__hi0bits
                0x0000000008004c04       0x40 /usr/lib/gcc/arm-none-eabi/4.9.3/../../../arm-none-eabi/lib/armv7e-m/softfp/libg.a(lib_a-mprec.o)
                0x0000000008004c04                __hi0bits
 .text.__lo0bits
                0x0000000008004c44       0x5c /usr/lib/gcc/arm-none-eabi/4.9.3/../../../arm-none-eabi/lib/armv7e-m/softfp/libg.a(lib_a-mprec.o)
                0x0000000008004c44                __lo0bits
 .text.__i2b    0x0000000008004ca0       0x14 /usr/lib/gcc/arm-none-eabi/4.9.3/../../../arm-none-eabi/lib/armv7e-m/softfp/libg.a(lib_a-mprec.o)
                0x0000000008004ca0                __i2b
 .text.__multiply
                0x0000000008004cb4      0x134 /usr/lib/gcc/arm-none-eabi/4.9.3/../../../arm-none-eabi/lib/armv7e-m/softfp/libg.a(lib_a-mprec.o)
                0x0000000008004cb4                __multiply
 .text.__pow5mult
                0x0000000008004de8       0xa0 /usr/lib/gcc/arm-none-eabi/4.9.3/../../../arm-none-eabi/lib/armv7e-m/softfp/libg.a(lib_a-mprec.o)
                0x0000000008004de8                __pow5mult
 .text.__lshift
                0x0000000008004e88       0xac /usr/lib/gcc/arm-none-eabi/4.9.3/../../../arm-none-eabi/lib/armv7e-m/softfp/libg.a(lib_a-mprec.o)
                0x0000000008004e88                __lshift
 .text.__mcmp   0x0000000008004f34       0x48 /usr/lib/gcc/arm-none-eabi/4.9.3/../../../arm-none-eabi/lib/armv7e-m/softfp/libg.a(lib_a-mprec.o)
                0x0000000008004f34                __mcmp
 .text.__mdiff  0x0000000008004f7c       0xd4 /usr/lib/gcc/arm-none-eabi/4.9.3/../../../arm-none-eabi/lib/armv7e-m/softfp/libg.a(lib_a-mprec.o)
                0x0000000008004f7c                __mdiff
 .text.__d2b    0x0000000008005050       0xb8 /usr/lib/gcc/arm-none-eabi/4.9.3/../../../arm-none-eabi/lib/armv7e-m/softfp/libg.a(lib_a-mprec.o)
                0x0000000008005050                __d2b
 .text.__fpclassifyd
                0x0000000008005108       0x58 /usr/lib/gcc/arm-none-eabi/4.9.3/../../../arm-none-eabi/lib/armv7e-m/softfp/libg.a(lib_a-s_fpclassify.o)
                0x0000000008005108                __fpclassifyd
 .text._sbrk_r  0x0000000008005160       0x24 /usr/lib/gcc/arm-none-eabi/4.9.3/../../../arm-none-eabi/lib/armv7e-m/softfp/libg.a(lib_a-sbrkr.o)
                0x0000000008005160                _sbrk_r
 .text.__ssprint_r
                0x0000000008005184      0x104 /usr/lib/gcc/arm-none-eabi/4.9.3/../../../arm-none-eabi/lib/armv7e-m/softfp/libg.a(lib_a-svfiprintf.o)
                0x0000000008005184                __ssprint_r
 .text._calloc_r
                0x0000000008005288       0x60 /usr/lib/gcc/arm-none-eabi/4.9.3/../../../arm-none-eabi/lib/armv7e-m/softfp/libg.a(lib_a-callocr.o)
                0x0000000008005288                _calloc_r
 .text._malloc_trim_r
                0x00000000080052e8       0x9c /usr/lib/gcc/arm-none-eabi/4.9.3/../../../arm-none-eabi/lib/armv7e-m/softfp/libg.a(lib_a-freer.o)
                0x00000000080052e8                _malloc_trim_r
 .text._free_r  0x0000000008005384      0x1b0 /usr/lib/gcc/arm-none-eabi/4.9.3/../../../arm-none-eabi/lib/armv7e-m/softfp/libg.a(lib_a-freer.o)
                0x0000000008005384                _free_r
 .text.memmove  0x0000000008005534       0xc8 /usr/lib/gcc/arm-none-eabi/4.9.3/../../../arm-none-eabi/lib/armv7e-m/softfp/libg.a(lib_a-memmove.o)
                0x0000000008005534                memmove
 .text._realloc_r
                0x00000000080055fc      0x3ec /usr/lib/gcc/arm-none-eabi/4.9.3/../../../arm-none-eabi/lib/armv7e-m/softfp/libg.a(lib_a-reallocr.o)
                0x00000000080055fc                _realloc_r
 .text          0x00000000080059e8      0x370 /usr/lib/gcc/arm-none-eabi/4.9.3/armv7e-m/softfp/libgcc.a(_arm_addsubdf3.o)
                0x00000000080059e8                __aeabi_drsub
                0x00000000080059f0                __aeabi_dsub
                0x00000000080059f0                __subdf3
                0x00000000080059f4                __adddf3
                0x00000000080059f4                __aeabi_dadd
                0x0000000008005c6c                __aeabi_ui2d
                0x0000000008005c6c                __floatunsidf
                0x0000000008005c8c                __floatsidf
                0x0000000008005c8c                __aeabi_i2d
                0x0000000008005cb0                __extendsfdf2
                0x0000000008005cb0                __aeabi_f2d
                0x0000000008005cec                __aeabi_ul2d
                0x0000000008005cec                __floatundidf
                0x0000000008005cfc                __floatdidf
                0x0000000008005cfc                __aeabi_l2d
 .text          0x0000000008005d58      0x424 /usr/lib/gcc/arm-none-eabi/4.9.3/armv7e-m/softfp/libgcc.a(_arm_muldivdf3.o)
                0x0000000008005d58                __aeabi_dmul
                0x0000000008005d58                __muldf3
                0x0000000008005fac                __aeabi_ddiv
                0x0000000008005fac                __divdf3
 .text          0x000000000800617c      0x110 /usr/lib/gcc/arm-none-eabi/4.9.3/armv7e-m/softfp/libgcc.a(_arm_cmpdf2.o)
                0x000000000800617c                __gtdf2
                0x000000000800617c                __gedf2
                0x0000000008006184                __ltdf2
                0x0000000008006184                __ledf2
                0x000000000800618c                __cmpdf2
                0x000000000800618c                __eqdf2
                0x000000000800618c                __nedf2
                0x0000000008006208                __aeabi_cdrcmple
                0x0000000008006218                __aeabi_cdcmple
                0x0000000008006218                __aeabi_cdcmpeq
                0x0000000008006228                __aeabi_dcmpeq
                0x000000000800623c                __aeabi_dcmplt
                0x0000000008006250                __aeabi_dcmple
                0x0000000008006264                __aeabi_dcmpge
                0x0000000008006278                __aeabi_dcmpgt
 .text          0x000000000800628c       0x50 /usr/lib/gcc/arm-none-eabi/4.9.3/armv7e-m/softfp/libgcc.a(_arm_fixdfsi.o)
                0x000000000800628c                __fixdfsi
                0x000000000800628c                __aeabi_d2iz
 .text          0x00000000080062dc       0x30 /usr/lib/gcc/arm-none-eabi/4.9.3/armv7e-m/softfp/libgcc.a(_aeabi_uldivmod.o)
                0x00000000080062dc                __aeabi_uldivmod
 .text          0x000000000800630c       0x60 /usr/lib/gcc/arm-none-eabi/4.9.3/armv7e-m/softfp/libgcc.a(bpabi.o)
                0x000000000800630c                __gnu_ldivmod_helper
                0x000000000800633c                __gnu_uldivmod_helper
 .text          0x000000000800636c        0x4 /usr/lib/gcc/arm-none-eabi/4.9.3/armv7e-m/softfp/libgcc.a(_dvmd_tls.o)
                0x000000000800636c                __aeabi_ldiv0
                0x000000000800636c                __aeabi_idiv0
 .text          0x0000000008006370      0x29c /usr/lib/gcc/arm-none-eabi/4.9.3/armv7e-m/softfp/libgcc.a(_divdi3.o)
                0x0000000008006370                __divdi3
 .text          0x000000000800660c      0x26c /usr/lib/gcc/arm-none-eabi/4.9.3/armv7e-m/softfp/libgcc.a(_udivdi3.o)
                0x000000000800660c                __udivdi3
 *(.init)
 *(.fini)
 *crtbegin.o(.ctors)
 *crtbegin?.o(.ctors)
 *(EXCLUDE_FILE(*crtend.o *crtend?.o) .ctors)
 *(SORT(.ctors.*))
 *(.ctors)
 *crtbegin.o(.dtors)
 *crtbegin?.o(.dtors)
 *(EXCLUDE_FILE(*crtend.o *crtend?.o) .dtors)
 *(SORT(.dtors.*))
 *(.dtors)
 *(.rodata .rodata.*)
 .rodata        0x0000000008006878       0x5e src/main.o
 *fill*         0x00000000080068d6        0x2 
 .rodata.str1.4
                0x00000000080068d8        0x2 /usr/lib/gcc/arm-none-eabi/4.9.3/../../../arm-none-eabi/lib/armv7e-m/softfp/libg.a(lib_a-impure.o)
                                          0x4 (size before relaxing)
 *fill*         0x00000000080068da        0x2 
 .rodata.zeroes.6911
                0x00000000080068dc       0x10 /usr/lib/gcc/arm-none-eabi/4.9.3/../../../arm-none-eabi/lib/armv7e-m/softfp/libg.a(lib_a-svfprintf.o)
 .rodata.blanks.6910
                0x00000000080068ec       0x10 /usr/lib/gcc/arm-none-eabi/4.9.3/../../../arm-none-eabi/lib/armv7e-m/softfp/libg.a(lib_a-svfprintf.o)
 .rodata.str1.4
                0x00000000080068fc       0x42 /usr/lib/gcc/arm-none-eabi/4.9.3/../../../arm-none-eabi/lib/armv7e-m/softfp/libg.a(lib_a-svfprintf.o)
                                         0x44 (size before relaxing)
 *fill*         0x000000000800693e        0x2 
 .rodata.str1.4
                0x0000000008006940       0x10 /usr/lib/gcc/arm-none-eabi/4.9.3/../../../arm-none-eabi/lib/armv7e-m/softfp/libg.a(lib_a-dtoa.o)
                                         0x14 (size before relaxing)
 .rodata.str1.4
                0x0000000008006950        0xc /usr/lib/gcc/arm-none-eabi/4.9.3/../../../arm-none-eabi/lib/armv7e-m/softfp/libg.a(lib_a-locale.o)
                                         0x14 (size before relaxing)
 *fill*         0x000000000800695c        0x4 
 .rodata.__mprec_tens
                0x0000000008006960       0xc8 /usr/lib/gcc/arm-none-eabi/4.9.3/../../../arm-none-eabi/lib/armv7e-m/softfp/libg.a(lib_a-mprec.o)
                0x0000000008006960                __mprec_tens
 .rodata.p05.5302
                0x0000000008006a28        0xc /usr/lib/gcc/arm-none-eabi/4.9.3/../../../arm-none-eabi/lib/armv7e-m/softfp/libg.a(lib_a-mprec.o)
 *fill*         0x0000000008006a34        0x4 
 .rodata.__mprec_bigtens
                0x0000000008006a38       0x28 /usr/lib/gcc/arm-none-eabi/4.9.3/../../../arm-none-eabi/lib/armv7e-m/softfp/libg.a(lib_a-mprec.o)
                0x0000000008006a38                __mprec_bigtens
 *(.gnu.linkonce.r*)
 *(vtable)
                0x0000000008006a60                . = ALIGN (0x4)

.glue_7         0x0000000008006a60        0x0 load address 0x000000000c006a60
 .glue_7        0x0000000008006a60        0x0 linker stubs

.glue_7t        0x0000000008006a60        0x0 load address 0x000000000c006a60
 .glue_7t       0x0000000008006a60        0x0 linker stubs

.vfp11_veneer   0x0000000008006a60        0x0 load address 0x000000000c006a60
 .vfp11_veneer  0x0000000008006a60        0x0 linker stubs

.v4_bx          0x0000000008006a60        0x0 load address 0x000000000c006a60
 .v4_bx         0x0000000008006a60        0x0 linker stubs

.iplt           0x0000000008006a60        0x0 load address 0x000000000c006a60
 .iplt          0x0000000008006a60        0x0 src/lis3dh_driver.o

.eh_frame_hdr
 *(.eh_frame_hdr)

.eh_frame       0x0000000008006a60        0x0 load address 0x000000000c006a60
 *(.eh_frame)
 .eh_frame      0x0000000008006a60        0x0 /usr/lib/gcc/arm-none-eabi/4.9.3/../../../arm-none-eabi/lib/armv7e-m/softfp/libg.a(lib_a-strcmp.o)
                                         0x70 (size before relaxing)

.ARM.extab
 *(.ARM.extab* .gnu.linkonce.armextab.*)
                0x0000000008006a60                . = ALIGN (0x4)
                0x0000000008006a60                __exidx_start = .

.ARM.exidx      0x0000000008006a60        0x8 load address 0x000000000c006a60
 *(.ARM.exidx* .gnu.linkonce.armexidx.*)
 .ARM.exidx     0x0000000008006a60        0x8 /usr/lib/gcc/arm-none-eabi/4.9.3/armv7e-m/softfp/libgcc.a(_divdi3.o)
 .ARM.exidx     0x0000000008006a68        0x0 /usr/lib/gcc/arm-none-eabi/4.9.3/armv7e-m/softfp/libgcc.a(_udivdi3.o)
                                          0x8 (size before relaxing)
                0x0000000008006a68                __exidx_end = .

.rel.dyn        0x0000000008006a68        0x0 load address 0x000000000c006a68
 .rel.iplt      0x0000000008006a68        0x0 src/lis3dh_driver.o
                0x0000000008006a68                . = ALIGN (0x4)

Stack           0x0000000010000000      0x800
                0x0000000010000000                __stack_start = .
                0x0000000010000800                . = (. + stack_size)
 *fill*         0x0000000010000000      0x800 
                0x0000000010000800                __stack_end = .
                0x0000000010000800                __initial_sp = .

.ram_code       0x0000000010000800        0x0 load address 0x000000000c006a68
                0x0000000010000800                . = ALIGN (0x4)
                0x0000000010000800                __ram_code_start = .
 *(.ram_code)
                0x0000000010000800                . = ALIGN (0x4)
                0x0000000010000800                __ram_code_end = .
                0x000000000c006a68                __ram_code_load = LOADADDR (.ram_code)
                0x0000000000000000                __ram_code_size = (__ram_code_end - __ram_code_start)

PSRAM_DATA      0x0000000010000800        0x0 load address 0x000000000c006a68
                0x0000000010000800                . = ALIGN (0x4)
                0x0000000010000800                __data3_start = .
 *(PSRAM_DATA)
                0x0000000010000800                . = ALIGN (0x4)
                0x0000000010000800                __data3_end = .
                0x000000000c006a68                __data3_load = LOADADDR (PSRAM_DATA)
                0x0000000000000000                __data3_size = (__data3_end - __data3_start)

PSRAM_BSS       0x0000000010000800        0x0 load address 0x000000000c006a68
                0x0000000010000800                . = ALIGN (0x4)
                0x0000000010000800                __bss3_start = .
 *(PSRAM_BSS)
                0x0000000010000800                . = ALIGN (0x4)
                0x0000000010000800                __bss3_end = .
                0x0000000010000800                . = ALIGN (0x8)
                0x0000000010000800                Heap_Bank3_Start = .
                0x0000000000000000                __bss3_size = (__bss3_end - __bss3_start)

.data           0x0000000020000000      0x894 load address 0x000000000c006a68
                0x0000000020000000                . = ALIGN (0x4)
                0x0000000020000000                __data_start = .
 *(.data)
 *(.data*)
 .data.id_tmp   0x0000000020000000        0x1 src/lis3dh_driver.o
                0x0000000020000000                id_tmp
 *fill*         0x0000000020000001        0x3 
 .data.uart_tx  0x0000000020000004        0xc src/xmc4500_uart_lib.o
                0x0000000020000004                uart_tx
 .data.uart_config
                0x0000000020000010        0xc src/xmc4500_uart_lib.o
                0x0000000020000010                uart_config
 *fill*         0x000000002000001c        0x4 
 .data.impure_data
                0x0000000020000020      0x428 /usr/lib/gcc/arm-none-eabi/4.9.3/../../../arm-none-eabi/lib/armv7e-m/softfp/libg.a(lib_a-impure.o)
 .data._impure_ptr
                0x0000000020000448        0x4 /usr/lib/gcc/arm-none-eabi/4.9.3/../../../arm-none-eabi/lib/armv7e-m/softfp/libg.a(lib_a-impure.o)
                0x0000000020000448                _impure_ptr
 .data.lconv    0x000000002000044c       0x38 /usr/lib/gcc/arm-none-eabi/4.9.3/../../../arm-none-eabi/lib/armv7e-m/softfp/libg.a(lib_a-locale.o)
 .data.__malloc_av_
                0x0000000020000484      0x408 /usr/lib/gcc/arm-none-eabi/4.9.3/../../../arm-none-eabi/lib/armv7e-m/softfp/libg.a(lib_a-mallocr.o)
                0x0000000020000484                __malloc_av_
 .data.__malloc_trim_threshold
                0x000000002000088c        0x4 /usr/lib/gcc/arm-none-eabi/4.9.3/../../../arm-none-eabi/lib/armv7e-m/softfp/libg.a(lib_a-mallocr.o)
                0x000000002000088c                __malloc_trim_threshold
 .data.__malloc_sbrk_base
                0x0000000020000890        0x4 /usr/lib/gcc/arm-none-eabi/4.9.3/../../../arm-none-eabi/lib/armv7e-m/softfp/libg.a(lib_a-mallocr.o)
                0x0000000020000890                __malloc_sbrk_base
 *(*.data)
 *(.gnu.linkonce.d*)
                0x0000000020000894                . = ALIGN (0x4)
                0x0000000020000894                PROVIDE (__preinit_array_start, .)
 *(.preinit_array)
                0x0000000020000894                PROVIDE (__preinit_array_end, .)
                0x0000000020000894                . = ALIGN (0x4)
                0x0000000020000894                PROVIDE (__init_array_start, .)
 *(SORT(.init_array.*))
 *(.init_array)
                0x0000000020000894                PROVIDE (__init_array_end, .)
                0x0000000020000894                . = ALIGN (0x4)
                [!provide]                        PROVIDE (__fini_array_start, .)
 *(SORT(.fini_array.*))
 *(.fini_array)
                [!provide]                        PROVIDE (__fini_array_end, .)
                0x0000000020000894                . = ALIGN (0x4)
                0x0000000020000894                __data_end = .
                0x000000000c006a68                __data_load = LOADADDR (.data)
                0x0000000000000894                __data_size = (__data_end - __data_start)

.igot.plt       0x0000000020000894        0x0 load address 0x000000000c0072fc
 .igot.plt      0x0000000020000894        0x0 src/lis3dh_driver.o

.bss            0x0000000020000894       0xac load address 0x000000000c0072fc
                0x0000000020000894                . = ALIGN (0x4)
                0x0000000020000894                __bss_start = .
 *(.bss)
 *(.bss*)
 .bss.ODR_old_value.7628
                0x0000000020000894        0x1 src/lis3dh_driver.o
 .bss.str_available
                0x0000000020000895        0x1 src/xmc4500_uart_lib.o
                0x0000000020000895                str_available
 *fill*         0x0000000020000896        0x2 
 .bss.rx_buffer
                0x0000000020000898       0x40 src/xmc4500_uart_lib.o
                0x0000000020000898                rx_buffer
 .bss.uart_rx   0x00000000200008d8        0xc src/xmc4500_uart_lib.o
                0x00000000200008d8                uart_rx
 .bss.rx_ctr.8021
                0x00000000200008e4        0x1 src/xmc4500_uart_lib.o
 *fill*         0x00000000200008e5        0x3 
 .bss.ticks.8406
                0x00000000200008e8        0x4 src/main.o
 .bss.cnt.8407  0x00000000200008ec        0x4 src/main.o
 .bss.heap.4558
                0x00000000200008f0        0x4 ./system/CMSIS/Infineon/Lib/System_LibcStubs.o
 .bss.HeapBound.4557
                0x00000000200008f4        0x4 ./system/CMSIS/Infineon/Lib/System_LibcStubs.o
 .bss.__malloc_max_total_mem
                0x00000000200008f8        0x4 /usr/lib/gcc/arm-none-eabi/4.9.3/../../../arm-none-eabi/lib/armv7e-m/softfp/libg.a(lib_a-mallocr.o)
                0x00000000200008f8                __malloc_max_total_mem
 .bss.__malloc_max_sbrked_mem
                0x00000000200008fc        0x4 /usr/lib/gcc/arm-none-eabi/4.9.3/../../../arm-none-eabi/lib/armv7e-m/softfp/libg.a(lib_a-mallocr.o)
                0x00000000200008fc                __malloc_max_sbrked_mem
 .bss.__malloc_top_pad
                0x0000000020000900        0x4 /usr/lib/gcc/arm-none-eabi/4.9.3/../../../arm-none-eabi/lib/armv7e-m/softfp/libg.a(lib_a-mallocr.o)
                0x0000000020000900                __malloc_top_pad
 .bss.__malloc_current_mallinfo
                0x0000000020000904       0x28 /usr/lib/gcc/arm-none-eabi/4.9.3/../../../arm-none-eabi/lib/armv7e-m/softfp/libg.a(lib_a-mallocr.o)
                0x0000000020000904                __malloc_current_mallinfo
 *(COMMON)
 COMMON         0x000000002000092c        0xf src/xmc4500_interface_lib.o
                0x000000002000092c                button_1
                0x000000002000092d                in_buff
                0x0000000020000930                buff
                0x0000000020000937                out_buff
                0x0000000020000938                empty_buff
                0x0000000020000939                button_2
                0x000000002000093a                full_buff
 *fill*         0x000000002000093b        0x1 
 COMMON         0x000000002000093c        0x4 /usr/lib/gcc/arm-none-eabi/4.9.3/../../../arm-none-eabi/lib/armv7e-m/softfp/libg.a(lib_a-reent.o)
                0x000000002000093c                errno
 *(.gnu.linkonce.b*)
                0x0000000020000940                . = ALIGN (0x4)
                0x0000000020000940                __bss_end = .
                0x0000000020000940                . = ALIGN (0x8)
                0x0000000020000940                Heap_Bank1_Start = .
                0x00000000000000ac                __bss_size = (__bss_end - __bss_start)

.no_init        0x000000002000ffc0       0x14
                0x000000002000ffc0                Heap_Bank1_End = .
 *(.no_init)
 .no_init       0x000000002000ffc0       0x14 ./system/CMSIS/Infineon/XMC4500_series/Source/system_XMC4500.o
                0x000000002000ffc0                SystemCoreClock
                0x000000002000ffc4                g_chipid

DSRAM2_DATA     0x0000000030000000        0x0 load address 0x000000000c0072fc
                0x0000000030000000                . = ALIGN (0x4)
                0x0000000030000000                __data2_start = .
 *(DSRAM2_DATA)
                0x0000000030000000                . = ALIGN (0x4)
                0x0000000030000000                __data2_end = .
                0x000000000c0072fc                __data2_load = LOADADDR (DSRAM2_DATA)
                0x0000000000000000                __data2_size = (__data2_end - __data2_start)
                0x00000000000072fc                __text_size = (((((__exidx_end - sText) + __data_size) + __ram_code_size) + __data2_size) + __data3_size)
                0x00000000080072fc                eText = (sText + __text_size)

DSRAM2_BSS      0x0000000030000000        0x0 load address 0x000000000c0072fc
                0x0000000030000000                . = ALIGN (0x4)
                0x0000000030000000                __bss2_start = .
 *(ETH_RAM)
 *(USB_RAM)
 *(DSRAM2_BSS)
                0x0000000030000000                . = ALIGN (0x4)
                0x0000000030000000                __bss2_end = .
                0x0000000030000000                . = ALIGN (0x8)
                0x0000000030000000                Heap_Bank2_Start = .
                0x0000000000000000                __bss2_size = (__bss2_end - __bss2_start)
                0x000000000000f680                Heap_Bank1_Size = (Heap_Bank1_End - Heap_Bank1_Start)
                0x0000000000008000                Heap_Bank2_Size = (LENGTH (DSRAM_2_comm) - (Heap_Bank2_Start - ORIGIN (DSRAM_2_comm)))
                0x000000000000f800                Heap_Bank3_Size = (LENGTH (PSRAM_1) - (Heap_Bank3_Start - ORIGIN (PSRAM_1)))
                0x0000000000000001                ASSERT ((Heap_Bank1_Start <= Heap_Bank1_End), region SRAM_combined overflowed no_init section)

/DISCARD/
 *(.comment)

.stab
 *(.stab)

.stabstr
 *(.stabstr)

.debug
 *(.debug)

.line
 *(.line)

.debug_srcinfo
 *(.debug_srcinfo)

.debug_sfnames
 *(.debug_sfnames)

.debug_aranges  0x0000000000000000      0xea8
 *(.debug_aranges)
 .debug_aranges
                0x0000000000000000      0x1c0 src/lis3dh_driver.o
 .debug_aranges
                0x00000000000001c0       0x88 src/xmc4500_uart_lib.o
 .debug_aranges
                0x0000000000000248       0x40 src/main.o
 .debug_aranges
                0x0000000000000288       0x40 src/xmc4500_i2c_lib.o
 .debug_aranges
                0x00000000000002c8       0x40 src/xmc4500_interface_lib.o
 .debug_aranges
                0x0000000000000308       0x30 src/lis3dh_lib.o
 .debug_aranges
                0x0000000000000338       0xa0 ./system/CMSIS/Infineon/Lib/System_LibcStubs.o
 .debug_aranges
                0x00000000000003d8       0x48 ./system/CMSIS/Infineon/XMC4500_series/Source/system_XMC4500.o
 .debug_aranges
                0x0000000000000420       0x28 ./xmclib/src/xmc4_gpio.o
 .debug_aranges
                0x0000000000000448       0xa8 ./xmclib/src/xmc_i2c.o
 .debug_aranges
                0x00000000000004f0       0x70 ./xmclib/src/xmc_uart.o
 .debug_aranges
                0x0000000000000560      0x3c8 ./xmclib/src/xmc4_scu.o
 .debug_aranges
                0x0000000000000928       0x90 ./xmclib/src/xmc_usic.o
 .debug_aranges
                0x00000000000009b8       0x20 /tmp/ccbauOjU.o
 .debug_aranges
                0x00000000000009d8       0x20 /usr/lib/gcc/arm-none-eabi/4.9.3/../../../arm-none-eabi/lib/armv7e-m/softfp/libg.a(lib_a-init.o)
 .debug_aranges
                0x00000000000009f8       0x20 /usr/lib/gcc/arm-none-eabi/4.9.3/../../../arm-none-eabi/lib/armv7e-m/softfp/libg.a(lib_a-memcpy.o)
 .debug_aranges
                0x0000000000000a18       0x20 /usr/lib/gcc/arm-none-eabi/4.9.3/../../../arm-none-eabi/lib/armv7e-m/softfp/libg.a(lib_a-memset.o)
 .debug_aranges
                0x0000000000000a38       0x20 /usr/lib/gcc/arm-none-eabi/4.9.3/../../../arm-none-eabi/lib/armv7e-m/softfp/libg.a(lib_a-strlen.o)
 .debug_aranges
                0x0000000000000a58       0x28 /usr/lib/gcc/arm-none-eabi/4.9.3/../../../arm-none-eabi/lib/armv7e-m/softfp/libg.a(lib_a-vsprintf.o)
 .debug_aranges
                0x0000000000000a80       0x18 /usr/lib/gcc/arm-none-eabi/4.9.3/../../../arm-none-eabi/lib/armv7e-m/softfp/libg.a(lib_a-impure.o)
 .debug_aranges
                0x0000000000000a98       0x20 /usr/lib/gcc/arm-none-eabi/4.9.3/../../../arm-none-eabi/lib/armv7e-m/softfp/libg.a(lib_a-svfprintf.o)
 .debug_aranges
                0x0000000000000ab8       0x28 /usr/lib/gcc/arm-none-eabi/4.9.3/../../../arm-none-eabi/lib/armv7e-m/softfp/libg.a(lib_a-dtoa.o)
 .debug_aranges
                0x0000000000000ae0       0x58 /usr/lib/gcc/arm-none-eabi/4.9.3/../../../arm-none-eabi/lib/armv7e-m/softfp/libg.a(lib_a-locale.o)
 .debug_aranges
                0x0000000000000b38       0x20 /usr/lib/gcc/arm-none-eabi/4.9.3/../../../arm-none-eabi/lib/armv7e-m/softfp/libg.a(lib_a-mallocr.o)
 .debug_aranges
                0x0000000000000b58       0x20 /usr/lib/gcc/arm-none-eabi/4.9.3/../../../arm-none-eabi/lib/armv7e-m/softfp/libg.a(lib_a-memchr.o)
 .debug_aranges
                0x0000000000000b78       0x28 /usr/lib/gcc/arm-none-eabi/4.9.3/../../../arm-none-eabi/lib/armv7e-m/softfp/libg.a(lib_a-mlock.o)
 .debug_aranges
                0x0000000000000ba0       0xb0 /usr/lib/gcc/arm-none-eabi/4.9.3/../../../arm-none-eabi/lib/armv7e-m/softfp/libg.a(lib_a-mprec.o)
 .debug_aranges
                0x0000000000000c50       0x20 /usr/lib/gcc/arm-none-eabi/4.9.3/../../../arm-none-eabi/lib/armv7e-m/softfp/libg.a(lib_a-s_fpclassify.o)
 .debug_aranges
                0x0000000000000c70       0x20 /usr/lib/gcc/arm-none-eabi/4.9.3/../../../arm-none-eabi/lib/armv7e-m/softfp/libg.a(lib_a-sbrkr.o)
 .debug_aranges
                0x0000000000000c90       0x20 /usr/lib/gcc/arm-none-eabi/4.9.3/../../../arm-none-eabi/lib/armv7e-m/softfp/libg.a(lib_a-strcmp.o)
 .debug_aranges
                0x0000000000000cb0       0x28 /usr/lib/gcc/arm-none-eabi/4.9.3/../../../arm-none-eabi/lib/armv7e-m/softfp/libg.a(lib_a-svfiprintf.o)
 .debug_aranges
                0x0000000000000cd8       0x20 /usr/lib/gcc/arm-none-eabi/4.9.3/../../../arm-none-eabi/lib/armv7e-m/softfp/libg.a(lib_a-callocr.o)
 .debug_aranges
                0x0000000000000cf8       0x28 /usr/lib/gcc/arm-none-eabi/4.9.3/../../../arm-none-eabi/lib/armv7e-m/softfp/libg.a(lib_a-freer.o)
 .debug_aranges
                0x0000000000000d20       0x20 /usr/lib/gcc/arm-none-eabi/4.9.3/../../../arm-none-eabi/lib/armv7e-m/softfp/libg.a(lib_a-memmove.o)
 .debug_aranges
                0x0000000000000d40       0x20 /usr/lib/gcc/arm-none-eabi/4.9.3/../../../arm-none-eabi/lib/armv7e-m/softfp/libg.a(lib_a-reallocr.o)
 .debug_aranges
                0x0000000000000d60       0x28 /usr/lib/gcc/arm-none-eabi/4.9.3/../../../arm-none-eabi/lib/armv7e-m/softfp/libg.a(lib_a-reent.o)
 .debug_aranges
                0x0000000000000d88       0x20 /usr/lib/gcc/arm-none-eabi/4.9.3/armv7e-m/softfp/libgcc.a(_arm_addsubdf3.o)
 .debug_aranges
                0x0000000000000da8       0x20 /usr/lib/gcc/arm-none-eabi/4.9.3/armv7e-m/softfp/libgcc.a(_arm_muldivdf3.o)
 .debug_aranges
                0x0000000000000dc8       0x20 /usr/lib/gcc/arm-none-eabi/4.9.3/armv7e-m/softfp/libgcc.a(_arm_cmpdf2.o)
 .debug_aranges
                0x0000000000000de8       0x20 /usr/lib/gcc/arm-none-eabi/4.9.3/armv7e-m/softfp/libgcc.a(_arm_fixdfsi.o)
 .debug_aranges
                0x0000000000000e08       0x20 /usr/lib/gcc/arm-none-eabi/4.9.3/armv7e-m/softfp/libgcc.a(_aeabi_uldivmod.o)
 .debug_aranges
                0x0000000000000e28       0x20 /usr/lib/gcc/arm-none-eabi/4.9.3/armv7e-m/softfp/libgcc.a(bpabi.o)
 .debug_aranges
                0x0000000000000e48       0x20 /usr/lib/gcc/arm-none-eabi/4.9.3/armv7e-m/softfp/libgcc.a(_dvmd_tls.o)
 .debug_aranges
                0x0000000000000e68       0x20 /usr/lib/gcc/arm-none-eabi/4.9.3/armv7e-m/softfp/libgcc.a(_divdi3.o)
 .debug_aranges
                0x0000000000000e88       0x20 /usr/lib/gcc/arm-none-eabi/4.9.3/armv7e-m/softfp/libgcc.a(_udivdi3.o)

.debug_pubnames
 *(.debug_pubnames)

.debug_pubtypes
 *(.debug_pubtypes)

.debug_info     0x0000000000000000    0x15eea
 *(.debug_info .gnu.linkonce.wi.*)
 .debug_info    0x0000000000000000     0x13cd src/lis3dh_driver.o
 .debug_info    0x00000000000013cd     0x10f2 src/xmc4500_uart_lib.o
 .debug_info    0x00000000000024bf      0x9b8 src/main.o
 .debug_info    0x0000000000002e77      0x832 src/xmc4500_i2c_lib.o
 .debug_info    0x00000000000036a9      0x58f src/xmc4500_interface_lib.o
 .debug_info    0x0000000000003c38      0x226 src/lis3dh_lib.o
 .debug_info    0x0000000000003e5e      0x5d3 ./system/CMSIS/Infineon/Lib/System_LibcStubs.o
 .debug_info    0x0000000000004431      0x7e6 ./system/CMSIS/Infineon/XMC4500_series/Source/system_XMC4500.o
 .debug_info    0x0000000000004c17      0x3f6 ./xmclib/src/xmc4_gpio.o
 .debug_info    0x000000000000500d      0x9b6 ./xmclib/src/xmc_i2c.o
 .debug_info    0x00000000000059c3      0x802 ./xmclib/src/xmc_uart.o
 .debug_info    0x00000000000061c5     0x1d91 ./xmclib/src/xmc4_scu.o
 .debug_info    0x0000000000007f56      0xac7 ./xmclib/src/xmc_usic.o
 .debug_info    0x0000000000008a1d       0xaa /tmp/ccbauOjU.o
 .debug_info    0x0000000000008ac7      0x105 /usr/lib/gcc/arm-none-eabi/4.9.3/../../../arm-none-eabi/lib/armv7e-m/softfp/libg.a(lib_a-init.o)
 .debug_info    0x0000000000008bcc       0xd8 /usr/lib/gcc/arm-none-eabi/4.9.3/../../../arm-none-eabi/lib/armv7e-m/softfp/libg.a(lib_a-memcpy.o)
 .debug_info    0x0000000000008ca4      0x117 /usr/lib/gcc/arm-none-eabi/4.9.3/../../../arm-none-eabi/lib/armv7e-m/softfp/libg.a(lib_a-memset.o)
 .debug_info    0x0000000000008dbb       0xb5 /usr/lib/gcc/arm-none-eabi/4.9.3/../../../arm-none-eabi/lib/armv7e-m/softfp/libg.a(lib_a-strlen.o)
 .debug_info    0x0000000000008e70      0x9bc /usr/lib/gcc/arm-none-eabi/4.9.3/../../../arm-none-eabi/lib/armv7e-m/softfp/libg.a(lib_a-vsprintf.o)
 .debug_info    0x000000000000982c      0x894 /usr/lib/gcc/arm-none-eabi/4.9.3/../../../arm-none-eabi/lib/armv7e-m/softfp/libg.a(lib_a-impure.o)
 .debug_info    0x000000000000a0c0     0x1695 /usr/lib/gcc/arm-none-eabi/4.9.3/../../../arm-none-eabi/lib/armv7e-m/softfp/libg.a(lib_a-svfprintf.o)
 .debug_info    0x000000000000b755     0x1341 /usr/lib/gcc/arm-none-eabi/4.9.3/../../../arm-none-eabi/lib/armv7e-m/softfp/libg.a(lib_a-dtoa.o)
 .debug_info    0x000000000000ca96      0xc24 /usr/lib/gcc/arm-none-eabi/4.9.3/../../../arm-none-eabi/lib/armv7e-m/softfp/libg.a(lib_a-locale.o)
 .debug_info    0x000000000000d6ba      0xd8b /usr/lib/gcc/arm-none-eabi/4.9.3/../../../arm-none-eabi/lib/armv7e-m/softfp/libg.a(lib_a-mallocr.o)
 .debug_info    0x000000000000e445      0x129 /usr/lib/gcc/arm-none-eabi/4.9.3/../../../arm-none-eabi/lib/armv7e-m/softfp/libg.a(lib_a-memchr.o)
 .debug_info    0x000000000000e56e      0x8b4 /usr/lib/gcc/arm-none-eabi/4.9.3/../../../arm-none-eabi/lib/armv7e-m/softfp/libg.a(lib_a-mlock.o)
 .debug_info    0x000000000000ee22     0x167a /usr/lib/gcc/arm-none-eabi/4.9.3/../../../arm-none-eabi/lib/armv7e-m/softfp/libg.a(lib_a-mprec.o)
 .debug_info    0x000000000001049c      0x146 /usr/lib/gcc/arm-none-eabi/4.9.3/../../../arm-none-eabi/lib/armv7e-m/softfp/libg.a(lib_a-s_fpclassify.o)
 .debug_info    0x00000000000105e2      0x8f4 /usr/lib/gcc/arm-none-eabi/4.9.3/../../../arm-none-eabi/lib/armv7e-m/softfp/libg.a(lib_a-sbrkr.o)
 .debug_info    0x0000000000010ed6       0xd7 /usr/lib/gcc/arm-none-eabi/4.9.3/../../../arm-none-eabi/lib/armv7e-m/softfp/libg.a(lib_a-strcmp.o)
 .debug_info    0x0000000000010fad     0x1025 /usr/lib/gcc/arm-none-eabi/4.9.3/../../../arm-none-eabi/lib/armv7e-m/softfp/libg.a(lib_a-svfiprintf.o)
 .debug_info    0x0000000000011fd2      0x9e0 /usr/lib/gcc/arm-none-eabi/4.9.3/../../../arm-none-eabi/lib/armv7e-m/softfp/libg.a(lib_a-callocr.o)
 .debug_info    0x00000000000129b2      0xc1c /usr/lib/gcc/arm-none-eabi/4.9.3/../../../arm-none-eabi/lib/armv7e-m/softfp/libg.a(lib_a-freer.o)
 .debug_info    0x00000000000135ce      0x131 /usr/lib/gcc/arm-none-eabi/4.9.3/../../../arm-none-eabi/lib/armv7e-m/softfp/libg.a(lib_a-memmove.o)
 .debug_info    0x00000000000136ff      0xcbc /usr/lib/gcc/arm-none-eabi/4.9.3/../../../arm-none-eabi/lib/armv7e-m/softfp/libg.a(lib_a-reallocr.o)
 .debug_info    0x00000000000143bb      0x9fb /usr/lib/gcc/arm-none-eabi/4.9.3/../../../arm-none-eabi/lib/armv7e-m/softfp/libg.a(lib_a-reent.o)
 .debug_info    0x0000000000014db6       0xc5 /usr/lib/gcc/arm-none-eabi/4.9.3/armv7e-m/softfp/libgcc.a(_arm_addsubdf3.o)
 .debug_info    0x0000000000014e7b       0xc5 /usr/lib/gcc/arm-none-eabi/4.9.3/armv7e-m/softfp/libgcc.a(_arm_muldivdf3.o)
 .debug_info    0x0000000000014f40       0xc5 /usr/lib/gcc/arm-none-eabi/4.9.3/armv7e-m/softfp/libgcc.a(_arm_cmpdf2.o)
 .debug_info    0x0000000000015005       0xc5 /usr/lib/gcc/arm-none-eabi/4.9.3/armv7e-m/softfp/libgcc.a(_arm_fixdfsi.o)
 .debug_info    0x00000000000150ca       0xc0 /usr/lib/gcc/arm-none-eabi/4.9.3/armv7e-m/softfp/libgcc.a(_aeabi_uldivmod.o)
 .debug_info    0x000000000001518a      0x164 /usr/lib/gcc/arm-none-eabi/4.9.3/armv7e-m/softfp/libgcc.a(bpabi.o)
 .debug_info    0x00000000000152ee       0xc4 /usr/lib/gcc/arm-none-eabi/4.9.3/armv7e-m/softfp/libgcc.a(_dvmd_tls.o)
 .debug_info    0x00000000000153b2      0x5bc /usr/lib/gcc/arm-none-eabi/4.9.3/armv7e-m/softfp/libgcc.a(_divdi3.o)
 .debug_info    0x000000000001596e      0x57c /usr/lib/gcc/arm-none-eabi/4.9.3/armv7e-m/softfp/libgcc.a(_udivdi3.o)

.debug_abbrev   0x0000000000000000     0x42a2
 *(.debug_abbrev)
 .debug_abbrev  0x0000000000000000      0x221 src/lis3dh_driver.o
 .debug_abbrev  0x0000000000000221      0x296 src/xmc4500_uart_lib.o
 .debug_abbrev  0x00000000000004b7      0x1e5 src/main.o
 .debug_abbrev  0x000000000000069c      0x1b8 src/xmc4500_i2c_lib.o
 .debug_abbrev  0x0000000000000854      0x1a0 src/xmc4500_interface_lib.o
 .debug_abbrev  0x00000000000009f4       0xd6 src/lis3dh_lib.o
 .debug_abbrev  0x0000000000000aca      0x147 ./system/CMSIS/Infineon/Lib/System_LibcStubs.o
 .debug_abbrev  0x0000000000000c11      0x1c0 ./system/CMSIS/Infineon/XMC4500_series/Source/system_XMC4500.o
 .debug_abbrev  0x0000000000000dd1      0x11c ./xmclib/src/xmc4_gpio.o
 .debug_abbrev  0x0000000000000eed      0x296 ./xmclib/src/xmc_i2c.o
 .debug_abbrev  0x0000000000001183      0x21d ./xmclib/src/xmc_uart.o
 .debug_abbrev  0x00000000000013a0      0x28a ./xmclib/src/xmc4_scu.o
 .debug_abbrev  0x000000000000162a      0x20a ./xmclib/src/xmc_usic.o
 .debug_abbrev  0x0000000000001834       0x14 /tmp/ccbauOjU.o
 .debug_abbrev  0x0000000000001848       0xba /usr/lib/gcc/arm-none-eabi/4.9.3/../../../arm-none-eabi/lib/armv7e-m/softfp/libg.a(lib_a-init.o)
 .debug_abbrev  0x0000000000001902       0x14 /usr/lib/gcc/arm-none-eabi/4.9.3/../../../arm-none-eabi/lib/armv7e-m/softfp/libg.a(lib_a-memcpy.o)
 .debug_abbrev  0x0000000000001916       0x9f /usr/lib/gcc/arm-none-eabi/4.9.3/../../../arm-none-eabi/lib/armv7e-m/softfp/libg.a(lib_a-memset.o)
 .debug_abbrev  0x00000000000019b5       0x70 /usr/lib/gcc/arm-none-eabi/4.9.3/../../../arm-none-eabi/lib/armv7e-m/softfp/libg.a(lib_a-strlen.o)
 .debug_abbrev  0x0000000000001a25      0x212 /usr/lib/gcc/arm-none-eabi/4.9.3/../../../arm-none-eabi/lib/armv7e-m/softfp/libg.a(lib_a-vsprintf.o)
 .debug_abbrev  0x0000000000001c37      0x180 /usr/lib/gcc/arm-none-eabi/4.9.3/../../../arm-none-eabi/lib/armv7e-m/softfp/libg.a(lib_a-impure.o)
 .debug_abbrev  0x0000000000001db7      0x36f /usr/lib/gcc/arm-none-eabi/4.9.3/../../../arm-none-eabi/lib/armv7e-m/softfp/libg.a(lib_a-svfprintf.o)
 .debug_abbrev  0x0000000000002126      0x2bc /usr/lib/gcc/arm-none-eabi/4.9.3/../../../arm-none-eabi/lib/armv7e-m/softfp/libg.a(lib_a-dtoa.o)
 .debug_abbrev  0x00000000000023e2      0x2ac /usr/lib/gcc/arm-none-eabi/4.9.3/../../../arm-none-eabi/lib/armv7e-m/softfp/libg.a(lib_a-locale.o)
 .debug_abbrev  0x000000000000268e      0x2ad /usr/lib/gcc/arm-none-eabi/4.9.3/../../../arm-none-eabi/lib/armv7e-m/softfp/libg.a(lib_a-mallocr.o)
 .debug_abbrev  0x000000000000293b       0xba /usr/lib/gcc/arm-none-eabi/4.9.3/../../../arm-none-eabi/lib/armv7e-m/softfp/libg.a(lib_a-memchr.o)
 .debug_abbrev  0x00000000000029f5      0x19a /usr/lib/gcc/arm-none-eabi/4.9.3/../../../arm-none-eabi/lib/armv7e-m/softfp/libg.a(lib_a-mlock.o)
 .debug_abbrev  0x0000000000002b8f      0x39d /usr/lib/gcc/arm-none-eabi/4.9.3/../../../arm-none-eabi/lib/armv7e-m/softfp/libg.a(lib_a-mprec.o)
 .debug_abbrev  0x0000000000002f2c       0xca /usr/lib/gcc/arm-none-eabi/4.9.3/../../../arm-none-eabi/lib/armv7e-m/softfp/libg.a(lib_a-s_fpclassify.o)
 .debug_abbrev  0x0000000000002ff6      0x1fd /usr/lib/gcc/arm-none-eabi/4.9.3/../../../arm-none-eabi/lib/armv7e-m/softfp/libg.a(lib_a-sbrkr.o)
 .debug_abbrev  0x00000000000031f3       0x14 /usr/lib/gcc/arm-none-eabi/4.9.3/../../../arm-none-eabi/lib/armv7e-m/softfp/libg.a(lib_a-strcmp.o)
 .debug_abbrev  0x0000000000003207      0x2ba /usr/lib/gcc/arm-none-eabi/4.9.3/../../../arm-none-eabi/lib/armv7e-m/softfp/libg.a(lib_a-svfiprintf.o)
 .debug_abbrev  0x00000000000034c1      0x213 /usr/lib/gcc/arm-none-eabi/4.9.3/../../../arm-none-eabi/lib/armv7e-m/softfp/libg.a(lib_a-callocr.o)
 .debug_abbrev  0x00000000000036d4      0x27b /usr/lib/gcc/arm-none-eabi/4.9.3/../../../arm-none-eabi/lib/armv7e-m/softfp/libg.a(lib_a-freer.o)
 .debug_abbrev  0x000000000000394f       0xab /usr/lib/gcc/arm-none-eabi/4.9.3/../../../arm-none-eabi/lib/armv7e-m/softfp/libg.a(lib_a-memmove.o)
 .debug_abbrev  0x00000000000039fa      0x260 /usr/lib/gcc/arm-none-eabi/4.9.3/../../../arm-none-eabi/lib/armv7e-m/softfp/libg.a(lib_a-reallocr.o)
 .debug_abbrev  0x0000000000003c5a      0x25c /usr/lib/gcc/arm-none-eabi/4.9.3/../../../arm-none-eabi/lib/armv7e-m/softfp/libg.a(lib_a-reent.o)
 .debug_abbrev  0x0000000000003eb6       0x14 /usr/lib/gcc/arm-none-eabi/4.9.3/armv7e-m/softfp/libgcc.a(_arm_addsubdf3.o)
 .debug_abbrev  0x0000000000003eca       0x14 /usr/lib/gcc/arm-none-eabi/4.9.3/armv7e-m/softfp/libgcc.a(_arm_muldivdf3.o)
 .debug_abbrev  0x0000000000003ede       0x14 /usr/lib/gcc/arm-none-eabi/4.9.3/armv7e-m/softfp/libgcc.a(_arm_cmpdf2.o)
 .debug_abbrev  0x0000000000003ef2       0x14 /usr/lib/gcc/arm-none-eabi/4.9.3/armv7e-m/softfp/libgcc.a(_arm_fixdfsi.o)
 .debug_abbrev  0x0000000000003f06       0x14 /usr/lib/gcc/arm-none-eabi/4.9.3/armv7e-m/softfp/libgcc.a(_aeabi_uldivmod.o)
 .debug_abbrev  0x0000000000003f1a       0xb7 /usr/lib/gcc/arm-none-eabi/4.9.3/armv7e-m/softfp/libgcc.a(bpabi.o)
 .debug_abbrev  0x0000000000003fd1       0x14 /usr/lib/gcc/arm-none-eabi/4.9.3/armv7e-m/softfp/libgcc.a(_dvmd_tls.o)
 .debug_abbrev  0x0000000000003fe5      0x169 /usr/lib/gcc/arm-none-eabi/4.9.3/armv7e-m/softfp/libgcc.a(_divdi3.o)
 .debug_abbrev  0x000000000000414e      0x154 /usr/lib/gcc/arm-none-eabi/4.9.3/armv7e-m/softfp/libgcc.a(_udivdi3.o)

.debug_line     0x0000000000000000     0x7dc4
 *(.debug_line)
 .debug_line    0x0000000000000000      0x9e8 src/lis3dh_driver.o
 .debug_line    0x00000000000009e8      0x48c src/xmc4500_uart_lib.o
 .debug_line    0x0000000000000e74      0x426 src/main.o
 .debug_line    0x000000000000129a      0x33b src/xmc4500_i2c_lib.o
 .debug_line    0x00000000000015d5      0x33b src/xmc4500_interface_lib.o
 .debug_line    0x0000000000001910      0x172 src/lis3dh_lib.o
 .debug_line    0x0000000000001a82      0x318 ./system/CMSIS/Infineon/Lib/System_LibcStubs.o
 .debug_line    0x0000000000001d9a      0x358 ./system/CMSIS/Infineon/XMC4500_series/Source/system_XMC4500.o
 .debug_line    0x00000000000020f2      0x2c2 ./xmclib/src/xmc4_gpio.o
 .debug_line    0x00000000000023b4      0x45b ./xmclib/src/xmc_i2c.o
 .debug_line    0x000000000000280f      0x3b5 ./xmclib/src/xmc_uart.o
 .debug_line    0x0000000000002bc4      0xdab ./xmclib/src/xmc4_scu.o
 .debug_line    0x000000000000396f      0x449 ./xmclib/src/xmc_usic.o
 .debug_line    0x0000000000003db8       0xaf /tmp/ccbauOjU.o
 .debug_line    0x0000000000003e67       0xb8 /usr/lib/gcc/arm-none-eabi/4.9.3/../../../arm-none-eabi/lib/armv7e-m/softfp/libg.a(lib_a-init.o)
 .debug_line    0x0000000000003f1f       0xbb /usr/lib/gcc/arm-none-eabi/4.9.3/../../../arm-none-eabi/lib/armv7e-m/softfp/libg.a(lib_a-memcpy.o)
 .debug_line    0x0000000000003fda      0x11c /usr/lib/gcc/arm-none-eabi/4.9.3/../../../arm-none-eabi/lib/armv7e-m/softfp/libg.a(lib_a-memset.o)
 .debug_line    0x00000000000040f6       0xf5 /usr/lib/gcc/arm-none-eabi/4.9.3/../../../arm-none-eabi/lib/armv7e-m/softfp/libg.a(lib_a-strlen.o)
 .debug_line    0x00000000000041eb      0x19f /usr/lib/gcc/arm-none-eabi/4.9.3/../../../arm-none-eabi/lib/armv7e-m/softfp/libg.a(lib_a-vsprintf.o)
 .debug_line    0x000000000000438a       0xf4 /usr/lib/gcc/arm-none-eabi/4.9.3/../../../arm-none-eabi/lib/armv7e-m/softfp/libg.a(lib_a-impure.o)
 .debug_line    0x000000000000447e      0x93c /usr/lib/gcc/arm-none-eabi/4.9.3/../../../arm-none-eabi/lib/armv7e-m/softfp/libg.a(lib_a-svfprintf.o)
 .debug_line    0x0000000000004dba      0x6ca /usr/lib/gcc/arm-none-eabi/4.9.3/../../../arm-none-eabi/lib/armv7e-m/softfp/libg.a(lib_a-dtoa.o)
 .debug_line    0x0000000000005484      0x206 /usr/lib/gcc/arm-none-eabi/4.9.3/../../../arm-none-eabi/lib/armv7e-m/softfp/libg.a(lib_a-locale.o)
 .debug_line    0x000000000000568a      0x38e /usr/lib/gcc/arm-none-eabi/4.9.3/../../../arm-none-eabi/lib/armv7e-m/softfp/libg.a(lib_a-mallocr.o)
 .debug_line    0x0000000000005a18      0x120 /usr/lib/gcc/arm-none-eabi/4.9.3/../../../arm-none-eabi/lib/armv7e-m/softfp/libg.a(lib_a-memchr.o)
 .debug_line    0x0000000000005b38      0x112 /usr/lib/gcc/arm-none-eabi/4.9.3/../../../arm-none-eabi/lib/armv7e-m/softfp/libg.a(lib_a-mlock.o)
 .debug_line    0x0000000000005c4a      0x6bd /usr/lib/gcc/arm-none-eabi/4.9.3/../../../arm-none-eabi/lib/armv7e-m/softfp/libg.a(lib_a-mprec.o)
 .debug_line    0x0000000000006307      0x15a /usr/lib/gcc/arm-none-eabi/4.9.3/../../../arm-none-eabi/lib/armv7e-m/softfp/libg.a(lib_a-s_fpclassify.o)
 .debug_line    0x0000000000006461      0x164 /usr/lib/gcc/arm-none-eabi/4.9.3/../../../arm-none-eabi/lib/armv7e-m/softfp/libg.a(lib_a-sbrkr.o)
 .debug_line    0x00000000000065c5      0x134 /usr/lib/gcc/arm-none-eabi/4.9.3/../../../arm-none-eabi/lib/armv7e-m/softfp/libg.a(lib_a-strcmp.o)
 .debug_line    0x00000000000066f9      0x69f /usr/lib/gcc/arm-none-eabi/4.9.3/../../../arm-none-eabi/lib/armv7e-m/softfp/libg.a(lib_a-svfiprintf.o)
 .debug_line    0x0000000000006d98      0x134 /usr/lib/gcc/arm-none-eabi/4.9.3/../../../arm-none-eabi/lib/armv7e-m/softfp/libg.a(lib_a-callocr.o)
 .debug_line    0x0000000000006ecc      0x271 /usr/lib/gcc/arm-none-eabi/4.9.3/../../../arm-none-eabi/lib/armv7e-m/softfp/libg.a(lib_a-freer.o)
 .debug_line    0x000000000000713d      0x122 /usr/lib/gcc/arm-none-eabi/4.9.3/../../../arm-none-eabi/lib/armv7e-m/softfp/libg.a(lib_a-memmove.o)
 .debug_line    0x000000000000725f      0x29d /usr/lib/gcc/arm-none-eabi/4.9.3/../../../arm-none-eabi/lib/armv7e-m/softfp/libg.a(lib_a-reallocr.o)
 .debug_line    0x00000000000074fc      0x19d /usr/lib/gcc/arm-none-eabi/4.9.3/../../../arm-none-eabi/lib/armv7e-m/softfp/libg.a(lib_a-reent.o)
 .debug_line    0x0000000000007699      0x179 /usr/lib/gcc/arm-none-eabi/4.9.3/armv7e-m/softfp/libgcc.a(_arm_addsubdf3.o)
 .debug_line    0x0000000000007812      0x19d /usr/lib/gcc/arm-none-eabi/4.9.3/armv7e-m/softfp/libgcc.a(_arm_muldivdf3.o)
 .debug_line    0x00000000000079af       0xba /usr/lib/gcc/arm-none-eabi/4.9.3/armv7e-m/softfp/libgcc.a(_arm_cmpdf2.o)
 .debug_line    0x0000000000007a69       0x7a /usr/lib/gcc/arm-none-eabi/4.9.3/armv7e-m/softfp/libgcc.a(_arm_fixdfsi.o)
 .debug_line    0x0000000000007ae3       0x65 /usr/lib/gcc/arm-none-eabi/4.9.3/armv7e-m/softfp/libgcc.a(_aeabi_uldivmod.o)
 .debug_line    0x0000000000007b48       0x65 /usr/lib/gcc/arm-none-eabi/4.9.3/armv7e-m/softfp/libgcc.a(bpabi.o)
 .debug_line    0x0000000000007bad       0x61 /usr/lib/gcc/arm-none-eabi/4.9.3/armv7e-m/softfp/libgcc.a(_dvmd_tls.o)
 .debug_line    0x0000000000007c0e       0xe2 /usr/lib/gcc/arm-none-eabi/4.9.3/armv7e-m/softfp/libgcc.a(_divdi3.o)
 .debug_line    0x0000000000007cf0       0xd4 /usr/lib/gcc/arm-none-eabi/4.9.3/armv7e-m/softfp/libgcc.a(_udivdi3.o)

.debug_frame    0x0000000000000000     0x3084
 *(.debug_frame)
 .debug_frame   0x0000000000000000      0x794 src/lis3dh_driver.o
 .debug_frame   0x0000000000000794      0x238 src/xmc4500_uart_lib.o
 .debug_frame   0x00000000000009cc       0xc0 src/main.o
 .debug_frame   0x0000000000000a8c       0xcc src/xmc4500_i2c_lib.o
 .debug_frame   0x0000000000000b58       0xc0 src/xmc4500_interface_lib.o
 .debug_frame   0x0000000000000c18       0x74 src/lis3dh_lib.o
 .debug_frame   0x0000000000000c8c      0x28c ./system/CMSIS/Infineon/Lib/System_LibcStubs.o
 .debug_frame   0x0000000000000f18       0xe0 ./system/CMSIS/Infineon/XMC4500_series/Source/system_XMC4500.o
 .debug_frame   0x0000000000000ff8       0x60 ./xmclib/src/xmc4_gpio.o
 .debug_frame   0x0000000000001058      0x2b8 ./xmclib/src/xmc_i2c.o
 .debug_frame   0x0000000000001310      0x1b8 ./xmclib/src/xmc_uart.o
 .debug_frame   0x00000000000014c8     0x10d0 ./xmclib/src/xmc4_scu.o
 .debug_frame   0x0000000000002598      0x254 ./xmclib/src/xmc_usic.o
 .debug_frame   0x00000000000027ec       0x2c /usr/lib/gcc/arm-none-eabi/4.9.3/../../../arm-none-eabi/lib/armv7e-m/softfp/libg.a(lib_a-init.o)
 .debug_frame   0x0000000000002818       0x34 /usr/lib/gcc/arm-none-eabi/4.9.3/../../../arm-none-eabi/lib/armv7e-m/softfp/libg.a(lib_a-memset.o)
 .debug_frame   0x000000000000284c       0x20 /usr/lib/gcc/arm-none-eabi/4.9.3/../../../arm-none-eabi/lib/armv7e-m/softfp/libg.a(lib_a-strlen.o)
 .debug_frame   0x000000000000286c       0x50 /usr/lib/gcc/arm-none-eabi/4.9.3/../../../arm-none-eabi/lib/armv7e-m/softfp/libg.a(lib_a-vsprintf.o)
 .debug_frame   0x00000000000028bc       0x40 /usr/lib/gcc/arm-none-eabi/4.9.3/../../../arm-none-eabi/lib/armv7e-m/softfp/libg.a(lib_a-svfprintf.o)
 .debug_frame   0x00000000000028fc       0x88 /usr/lib/gcc/arm-none-eabi/4.9.3/../../../arm-none-eabi/lib/armv7e-m/softfp/libg.a(lib_a-dtoa.o)
 .debug_frame   0x0000000000002984       0x9c /usr/lib/gcc/arm-none-eabi/4.9.3/../../../arm-none-eabi/lib/armv7e-m/softfp/libg.a(lib_a-locale.o)
 .debug_frame   0x0000000000002a20       0x58 /usr/lib/gcc/arm-none-eabi/4.9.3/../../../arm-none-eabi/lib/armv7e-m/softfp/libg.a(lib_a-mallocr.o)
 .debug_frame   0x0000000000002a78       0x3c /usr/lib/gcc/arm-none-eabi/4.9.3/../../../arm-none-eabi/lib/armv7e-m/softfp/libg.a(lib_a-memchr.o)
 .debug_frame   0x0000000000002ab4       0x30 /usr/lib/gcc/arm-none-eabi/4.9.3/../../../arm-none-eabi/lib/armv7e-m/softfp/libg.a(lib_a-mlock.o)
 .debug_frame   0x0000000000002ae4      0x268 /usr/lib/gcc/arm-none-eabi/4.9.3/../../../arm-none-eabi/lib/armv7e-m/softfp/libg.a(lib_a-mprec.o)
 .debug_frame   0x0000000000002d4c       0x34 /usr/lib/gcc/arm-none-eabi/4.9.3/../../../arm-none-eabi/lib/armv7e-m/softfp/libg.a(lib_a-s_fpclassify.o)
 .debug_frame   0x0000000000002d80       0x2c /usr/lib/gcc/arm-none-eabi/4.9.3/../../../arm-none-eabi/lib/armv7e-m/softfp/libg.a(lib_a-sbrkr.o)
 .debug_frame   0x0000000000002dac       0x78 /usr/lib/gcc/arm-none-eabi/4.9.3/../../../arm-none-eabi/lib/armv7e-m/softfp/libg.a(lib_a-svfiprintf.o)
 .debug_frame   0x0000000000002e24       0x28 /usr/lib/gcc/arm-none-eabi/4.9.3/../../../arm-none-eabi/lib/armv7e-m/softfp/libg.a(lib_a-callocr.o)
 .debug_frame   0x0000000000002e4c       0x74 /usr/lib/gcc/arm-none-eabi/4.9.3/../../../arm-none-eabi/lib/armv7e-m/softfp/libg.a(lib_a-freer.o)
 .debug_frame   0x0000000000002ec0       0x30 /usr/lib/gcc/arm-none-eabi/4.9.3/../../../arm-none-eabi/lib/armv7e-m/softfp/libg.a(lib_a-memmove.o)
 .debug_frame   0x0000000000002ef0       0x60 /usr/lib/gcc/arm-none-eabi/4.9.3/../../../arm-none-eabi/lib/armv7e-m/softfp/libg.a(lib_a-reallocr.o)
 .debug_frame   0x0000000000002f50       0x58 /usr/lib/gcc/arm-none-eabi/4.9.3/../../../arm-none-eabi/lib/armv7e-m/softfp/libg.a(lib_a-reent.o)
 .debug_frame   0x0000000000002fa8       0x28 /usr/lib/gcc/arm-none-eabi/4.9.3/armv7e-m/softfp/libgcc.a(_aeabi_uldivmod.o)
 .debug_frame   0x0000000000002fd0       0x50 /usr/lib/gcc/arm-none-eabi/4.9.3/armv7e-m/softfp/libgcc.a(bpabi.o)
 .debug_frame   0x0000000000003020       0x34 /usr/lib/gcc/arm-none-eabi/4.9.3/armv7e-m/softfp/libgcc.a(_divdi3.o)
 .debug_frame   0x0000000000003054       0x30 /usr/lib/gcc/arm-none-eabi/4.9.3/armv7e-m/softfp/libgcc.a(_udivdi3.o)

.debug_str      0x0000000000000000    0x7e2bf
 *(.debug_str)
 .debug_str     0x0000000000000000    0x74b8c src/lis3dh_driver.o
                                      0x74dac (size before relaxing)
 .debug_str     0x0000000000074b8c     0x1ebc src/xmc4500_uart_lib.o
                                      0x74c40 (size before relaxing)
 .debug_str     0x0000000000076a48      0x1db src/main.o
                                      0x752e6 (size before relaxing)
 .debug_str     0x0000000000076c23      0x11a src/xmc4500_i2c_lib.o
                                      0x7341d (size before relaxing)
 .debug_str     0x0000000000076d3d       0xc6 src/xmc4500_interface_lib.o
                                      0x72601 (size before relaxing)
 .debug_str     0x0000000000076e03       0xae src/lis3dh_lib.o
                                       0x451c (size before relaxing)
 .debug_str     0x0000000000076eb1     0x178f ./system/CMSIS/Infineon/Lib/System_LibcStubs.o
                                       0x6786 (size before relaxing)
 .debug_str     0x0000000000078640      0xd6b ./system/CMSIS/Infineon/XMC4500_series/Source/system_XMC4500.o
                                      0x6ec4b (size before relaxing)
 .debug_str     0x00000000000793ab       0x96 ./xmclib/src/xmc4_gpio.o
                                      0x72503 (size before relaxing)
 .debug_str     0x0000000000079441      0x46c ./xmclib/src/xmc_i2c.o
                                      0x6f9fc (size before relaxing)
 .debug_str     0x00000000000798ad      0xa06 ./xmclib/src/xmc_uart.o
                                      0x6fd41 (size before relaxing)
 .debug_str     0x000000000007a2b3     0x220a ./xmclib/src/xmc4_scu.o
                                      0x70d79 (size before relaxing)
 .debug_str     0x000000000007c4bd      0x645 ./xmclib/src/xmc_usic.o
                                      0x701ce (size before relaxing)
 .debug_str     0x000000000007cb02      0x1cc /usr/lib/gcc/arm-none-eabi/4.9.3/../../../arm-none-eabi/lib/armv7e-m/softfp/libg.a(lib_a-init.o)
                                        0x271 (size before relaxing)
 .debug_str     0x000000000007ccce       0xb2 /usr/lib/gcc/arm-none-eabi/4.9.3/../../../arm-none-eabi/lib/armv7e-m/softfp/libg.a(lib_a-memset.o)
                                        0x226 (size before relaxing)
 .debug_str     0x000000000007cd80       0xb2 /usr/lib/gcc/arm-none-eabi/4.9.3/../../../arm-none-eabi/lib/armv7e-m/softfp/libg.a(lib_a-strlen.o)
                                        0x21f (size before relaxing)
 .debug_str     0x000000000007ce32      0x407 /usr/lib/gcc/arm-none-eabi/4.9.3/../../../arm-none-eabi/lib/armv7e-m/softfp/libg.a(lib_a-vsprintf.o)
                                        0x613 (size before relaxing)
 .debug_str     0x000000000007d239       0xa8 /usr/lib/gcc/arm-none-eabi/4.9.3/../../../arm-none-eabi/lib/armv7e-m/softfp/libg.a(lib_a-impure.o)
                                        0x5e3 (size before relaxing)
 .debug_str     0x000000000007d2e1      0x38f /usr/lib/gcc/arm-none-eabi/4.9.3/../../../arm-none-eabi/lib/armv7e-m/softfp/libg.a(lib_a-svfprintf.o)
                                        0x972 (size before relaxing)
 .debug_str     0x000000000007d670      0x1c1 /usr/lib/gcc/arm-none-eabi/4.9.3/../../../arm-none-eabi/lib/armv7e-m/softfp/libg.a(lib_a-dtoa.o)
                                        0x735 (size before relaxing)
 .debug_str     0x000000000007d831      0x185 /usr/lib/gcc/arm-none-eabi/4.9.3/../../../arm-none-eabi/lib/armv7e-m/softfp/libg.a(lib_a-locale.o)
                                        0x840 (size before relaxing)
 .debug_str     0x000000000007d9b6      0x222 /usr/lib/gcc/arm-none-eabi/4.9.3/../../../arm-none-eabi/lib/armv7e-m/softfp/libg.a(lib_a-mallocr.o)
                                        0x7f2 (size before relaxing)
 .debug_str     0x000000000007dbd8       0x3f /usr/lib/gcc/arm-none-eabi/4.9.3/../../../arm-none-eabi/lib/armv7e-m/softfp/libg.a(lib_a-memchr.o)
                                        0x22c (size before relaxing)
 .debug_str     0x000000000007dc17       0x45 /usr/lib/gcc/arm-none-eabi/4.9.3/../../../arm-none-eabi/lib/armv7e-m/softfp/libg.a(lib_a-mlock.o)
                                        0x5ec (size before relaxing)
 .debug_str     0x000000000007dc5c       0x9b /usr/lib/gcc/arm-none-eabi/4.9.3/../../../arm-none-eabi/lib/armv7e-m/softfp/libg.a(lib_a-mprec.o)
                                        0x6ef (size before relaxing)
 .debug_str     0x000000000007dcf7       0xc6 /usr/lib/gcc/arm-none-eabi/4.9.3/../../../arm-none-eabi/lib/armv7e-m/softfp/libg.a(lib_a-s_fpclassify.o)
                                        0x264 (size before relaxing)
 .debug_str     0x000000000007ddbd       0x34 /usr/lib/gcc/arm-none-eabi/4.9.3/../../../arm-none-eabi/lib/armv7e-m/softfp/libg.a(lib_a-sbrkr.o)
                                        0x5da (size before relaxing)
 .debug_str     0x000000000007ddf1       0x30 /usr/lib/gcc/arm-none-eabi/4.9.3/../../../arm-none-eabi/lib/armv7e-m/softfp/libg.a(lib_a-svfiprintf.o)
                                        0x775 (size before relaxing)
 .debug_str     0x000000000007de21        0xf /usr/lib/gcc/arm-none-eabi/4.9.3/../../../arm-none-eabi/lib/armv7e-m/softfp/libg.a(lib_a-callocr.o)
                                        0x61c (size before relaxing)
 .debug_str     0x000000000007de30       0x34 /usr/lib/gcc/arm-none-eabi/4.9.3/../../../arm-none-eabi/lib/armv7e-m/softfp/libg.a(lib_a-freer.o)
                                        0x73c (size before relaxing)
 .debug_str     0x000000000007de64       0x53 /usr/lib/gcc/arm-none-eabi/4.9.3/../../../arm-none-eabi/lib/armv7e-m/softfp/libg.a(lib_a-memmove.o)
                                        0x245 (size before relaxing)
 .debug_str     0x000000000007deb7       0x4e /usr/lib/gcc/arm-none-eabi/4.9.3/../../../arm-none-eabi/lib/armv7e-m/softfp/libg.a(lib_a-reallocr.o)
                                        0x6c4 (size before relaxing)
 .debug_str     0x000000000007df05       0x5b /usr/lib/gcc/arm-none-eabi/4.9.3/../../../arm-none-eabi/lib/armv7e-m/softfp/libg.a(lib_a-reent.o)
                                        0x602 (size before relaxing)
 .debug_str     0x000000000007df60      0x1ce /usr/lib/gcc/arm-none-eabi/4.9.3/armv7e-m/softfp/libgcc.a(bpabi.o)
                                        0x1fd (size before relaxing)
 .debug_str     0x000000000007e12e      0x191 /usr/lib/gcc/arm-none-eabi/4.9.3/armv7e-m/softfp/libgcc.a(_divdi3.o)
                                        0x2ab (size before relaxing)
 .debug_str     0x000000000007e2bf      0x2ac /usr/lib/gcc/arm-none-eabi/4.9.3/armv7e-m/softfp/libgcc.a(_udivdi3.o)

.debug_loc      0x0000000000000000     0xc845
 *(.debug_loc)
 .debug_loc     0x0000000000000000       0xae /usr/lib/gcc/arm-none-eabi/4.9.3/../../../arm-none-eabi/lib/armv7e-m/softfp/libg.a(lib_a-init.o)
 .debug_loc     0x00000000000000ae      0x1ae /usr/lib/gcc/arm-none-eabi/4.9.3/../../../arm-none-eabi/lib/armv7e-m/softfp/libg.a(lib_a-memset.o)
 .debug_loc     0x000000000000025c       0x21 /usr/lib/gcc/arm-none-eabi/4.9.3/../../../arm-none-eabi/lib/armv7e-m/softfp/libg.a(lib_a-strlen.o)
 .debug_loc     0x000000000000027d       0xe9 /usr/lib/gcc/arm-none-eabi/4.9.3/../../../arm-none-eabi/lib/armv7e-m/softfp/libg.a(lib_a-vsprintf.o)
 .debug_loc     0x0000000000000366     0x2451 /usr/lib/gcc/arm-none-eabi/4.9.3/../../../arm-none-eabi/lib/armv7e-m/softfp/libg.a(lib_a-svfprintf.o)
 .debug_loc     0x00000000000027b7     0x2896 /usr/lib/gcc/arm-none-eabi/4.9.3/../../../arm-none-eabi/lib/armv7e-m/softfp/libg.a(lib_a-dtoa.o)
 .debug_loc     0x000000000000504d      0x131 /usr/lib/gcc/arm-none-eabi/4.9.3/../../../arm-none-eabi/lib/armv7e-m/softfp/libg.a(lib_a-locale.o)
 .debug_loc     0x000000000000517e      0xdc4 /usr/lib/gcc/arm-none-eabi/4.9.3/../../../arm-none-eabi/lib/armv7e-m/softfp/libg.a(lib_a-mallocr.o)
 .debug_loc     0x0000000000005f42      0x180 /usr/lib/gcc/arm-none-eabi/4.9.3/../../../arm-none-eabi/lib/armv7e-m/softfp/libg.a(lib_a-memchr.o)
 .debug_loc     0x00000000000060c2     0x1c7a /usr/lib/gcc/arm-none-eabi/4.9.3/../../../arm-none-eabi/lib/armv7e-m/softfp/libg.a(lib_a-mprec.o)
 .debug_loc     0x0000000000007d3c      0x13e /usr/lib/gcc/arm-none-eabi/4.9.3/../../../arm-none-eabi/lib/armv7e-m/softfp/libg.a(lib_a-s_fpclassify.o)
 .debug_loc     0x0000000000007e7a       0x4d /usr/lib/gcc/arm-none-eabi/4.9.3/../../../arm-none-eabi/lib/armv7e-m/softfp/libg.a(lib_a-sbrkr.o)
 .debug_loc     0x0000000000007ec7     0x1065 /usr/lib/gcc/arm-none-eabi/4.9.3/../../../arm-none-eabi/lib/armv7e-m/softfp/libg.a(lib_a-svfiprintf.o)
 .debug_loc     0x0000000000008f2c      0x231 /usr/lib/gcc/arm-none-eabi/4.9.3/../../../arm-none-eabi/lib/armv7e-m/softfp/libg.a(lib_a-callocr.o)
 .debug_loc     0x000000000000915d      0x4fd /usr/lib/gcc/arm-none-eabi/4.9.3/../../../arm-none-eabi/lib/armv7e-m/softfp/libg.a(lib_a-freer.o)
 .debug_loc     0x000000000000965a      0x2d7 /usr/lib/gcc/arm-none-eabi/4.9.3/../../../arm-none-eabi/lib/armv7e-m/softfp/libg.a(lib_a-memmove.o)
 .debug_loc     0x0000000000009931     0x1218 /usr/lib/gcc/arm-none-eabi/4.9.3/../../../arm-none-eabi/lib/armv7e-m/softfp/libg.a(lib_a-reallocr.o)
 .debug_loc     0x000000000000ab49      0x11d /usr/lib/gcc/arm-none-eabi/4.9.3/../../../arm-none-eabi/lib/armv7e-m/softfp/libg.a(lib_a-reent.o)
 .debug_loc     0x000000000000ac66       0xa0 /usr/lib/gcc/arm-none-eabi/4.9.3/armv7e-m/softfp/libgcc.a(bpabi.o)
 .debug_loc     0x000000000000ad06      0xdef /usr/lib/gcc/arm-none-eabi/4.9.3/armv7e-m/softfp/libgcc.a(_divdi3.o)
 .debug_loc     0x000000000000baf5      0xd50 /usr/lib/gcc/arm-none-eabi/4.9.3/armv7e-m/softfp/libgcc.a(_udivdi3.o)

.debug_macinfo
 *(.debug_macinfo)

.debug_ranges   0x0000000000000000     0x1060
 *(.debug_ranges)
 .debug_ranges  0x0000000000000000      0x1b0 src/lis3dh_driver.o
 .debug_ranges  0x00000000000001b0       0x78 src/xmc4500_uart_lib.o
 .debug_ranges  0x0000000000000228       0x30 src/main.o
 .debug_ranges  0x0000000000000258       0x30 src/xmc4500_i2c_lib.o
 .debug_ranges  0x0000000000000288       0x30 src/xmc4500_interface_lib.o
 .debug_ranges  0x00000000000002b8       0x20 src/lis3dh_lib.o
 .debug_ranges  0x00000000000002d8       0x90 ./system/CMSIS/Infineon/Lib/System_LibcStubs.o
 .debug_ranges  0x0000000000000368       0x38 ./system/CMSIS/Infineon/XMC4500_series/Source/system_XMC4500.o
 .debug_ranges  0x00000000000003a0       0x18 ./xmclib/src/xmc4_gpio.o
 .debug_ranges  0x00000000000003b8       0x98 ./xmclib/src/xmc_i2c.o
 .debug_ranges  0x0000000000000450       0x60 ./xmclib/src/xmc_uart.o
 .debug_ranges  0x00000000000004b0      0x3b8 ./xmclib/src/xmc4_scu.o
 .debug_ranges  0x0000000000000868       0x80 ./xmclib/src/xmc_usic.o
 .debug_ranges  0x00000000000008e8       0x10 /usr/lib/gcc/arm-none-eabi/4.9.3/../../../arm-none-eabi/lib/armv7e-m/softfp/libg.a(lib_a-init.o)
 .debug_ranges  0x00000000000008f8       0x10 /usr/lib/gcc/arm-none-eabi/4.9.3/../../../arm-none-eabi/lib/armv7e-m/softfp/libg.a(lib_a-memset.o)
 .debug_ranges  0x0000000000000908       0x10 /usr/lib/gcc/arm-none-eabi/4.9.3/../../../arm-none-eabi/lib/armv7e-m/softfp/libg.a(lib_a-strlen.o)
 .debug_ranges  0x0000000000000918       0x18 /usr/lib/gcc/arm-none-eabi/4.9.3/../../../arm-none-eabi/lib/armv7e-m/softfp/libg.a(lib_a-vsprintf.o)
 .debug_ranges  0x0000000000000930      0x130 /usr/lib/gcc/arm-none-eabi/4.9.3/../../../arm-none-eabi/lib/armv7e-m/softfp/libg.a(lib_a-svfprintf.o)
 .debug_ranges  0x0000000000000a60       0x18 /usr/lib/gcc/arm-none-eabi/4.9.3/../../../arm-none-eabi/lib/armv7e-m/softfp/libg.a(lib_a-dtoa.o)
 .debug_ranges  0x0000000000000a78       0x48 /usr/lib/gcc/arm-none-eabi/4.9.3/../../../arm-none-eabi/lib/armv7e-m/softfp/libg.a(lib_a-locale.o)
 .debug_ranges  0x0000000000000ac0       0x50 /usr/lib/gcc/arm-none-eabi/4.9.3/../../../arm-none-eabi/lib/armv7e-m/softfp/libg.a(lib_a-mallocr.o)
 .debug_ranges  0x0000000000000b10       0x10 /usr/lib/gcc/arm-none-eabi/4.9.3/../../../arm-none-eabi/lib/armv7e-m/softfp/libg.a(lib_a-memchr.o)
 .debug_ranges  0x0000000000000b20       0x18 /usr/lib/gcc/arm-none-eabi/4.9.3/../../../arm-none-eabi/lib/armv7e-m/softfp/libg.a(lib_a-mlock.o)
 .debug_ranges  0x0000000000000b38      0x108 /usr/lib/gcc/arm-none-eabi/4.9.3/../../../arm-none-eabi/lib/armv7e-m/softfp/libg.a(lib_a-mprec.o)
 .debug_ranges  0x0000000000000c40       0x10 /usr/lib/gcc/arm-none-eabi/4.9.3/../../../arm-none-eabi/lib/armv7e-m/softfp/libg.a(lib_a-s_fpclassify.o)
 .debug_ranges  0x0000000000000c50       0x10 /usr/lib/gcc/arm-none-eabi/4.9.3/../../../arm-none-eabi/lib/armv7e-m/softfp/libg.a(lib_a-sbrkr.o)
 .debug_ranges  0x0000000000000c60       0x48 /usr/lib/gcc/arm-none-eabi/4.9.3/../../../arm-none-eabi/lib/armv7e-m/softfp/libg.a(lib_a-svfiprintf.o)
 .debug_ranges  0x0000000000000ca8       0x50 /usr/lib/gcc/arm-none-eabi/4.9.3/../../../arm-none-eabi/lib/armv7e-m/softfp/libg.a(lib_a-callocr.o)
 .debug_ranges  0x0000000000000cf8       0x18 /usr/lib/gcc/arm-none-eabi/4.9.3/../../../arm-none-eabi/lib/armv7e-m/softfp/libg.a(lib_a-freer.o)
 .debug_ranges  0x0000000000000d10       0x10 /usr/lib/gcc/arm-none-eabi/4.9.3/../../../arm-none-eabi/lib/armv7e-m/softfp/libg.a(lib_a-memmove.o)
 .debug_ranges  0x0000000000000d20      0x180 /usr/lib/gcc/arm-none-eabi/4.9.3/../../../arm-none-eabi/lib/armv7e-m/softfp/libg.a(lib_a-reallocr.o)
 .debug_ranges  0x0000000000000ea0       0x18 /usr/lib/gcc/arm-none-eabi/4.9.3/../../../arm-none-eabi/lib/armv7e-m/softfp/libg.a(lib_a-reent.o)
 .debug_ranges  0x0000000000000eb8       0xd0 /usr/lib/gcc/arm-none-eabi/4.9.3/armv7e-m/softfp/libgcc.a(_divdi3.o)
 .debug_ranges  0x0000000000000f88       0xd8 /usr/lib/gcc/arm-none-eabi/4.9.3/armv7e-m/softfp/libgcc.a(_udivdi3.o)

.debug_weaknames
 *(.debug_weaknames)

.debug_funcnames
 *(.debug_funcnames)

.debug_typenames
 *(.debug_typenames)

.debug_varnames
 *(.debug_varnames)

.build_attributes
                0x0000000000000000      0x87a
 *(.ARM.attributes)
 .ARM.attributes
                0x0000000000000000       0x37 src/lis3dh_driver.o
 .ARM.attributes
                0x0000000000000037       0x37 src/xmc4500_uart_lib.o
 .ARM.attributes
                0x000000000000006e       0x37 src/main.o
 .ARM.attributes
                0x00000000000000a5       0x37 src/xmc4500_i2c_lib.o
 .ARM.attributes
                0x00000000000000dc       0x37 src/xmc4500_interface_lib.o
 .ARM.attributes
                0x0000000000000113       0x37 src/lis3dh_lib.o
 .ARM.attributes
                0x000000000000014a       0x37 ./system/CMSIS/Infineon/Lib/System_LibcStubs.o
 .ARM.attributes
                0x0000000000000181       0x37 ./system/CMSIS/Infineon/XMC4500_series/Source/system_XMC4500.o
 .ARM.attributes
                0x00000000000001b8       0x37 ./xmclib/src/xmc4_gpio.o
 .ARM.attributes
                0x00000000000001ef       0x37 ./xmclib/src/xmc_i2c.o
 .ARM.attributes
                0x0000000000000226       0x37 ./xmclib/src/xmc_uart.o
 .ARM.attributes
                0x000000000000025d       0x37 ./xmclib/src/xmc4_scu.o
 .ARM.attributes
                0x0000000000000294       0x37 ./xmclib/src/xmc_usic.o
 .ARM.attributes
                0x00000000000002cb       0x25 /tmp/ccbauOjU.o
 .ARM.attributes
                0x00000000000002f0       0x32 /usr/lib/gcc/arm-none-eabi/4.9.3/../../../arm-none-eabi/lib/armv7e-m/softfp/libg.a(lib_a-init.o)
 .ARM.attributes
                0x0000000000000322       0x20 /usr/lib/gcc/arm-none-eabi/4.9.3/../../../arm-none-eabi/lib/armv7e-m/softfp/libg.a(lib_a-memcpy.o)
 .ARM.attributes
                0x0000000000000342       0x32 /usr/lib/gcc/arm-none-eabi/4.9.3/../../../arm-none-eabi/lib/armv7e-m/softfp/libg.a(lib_a-memset.o)
 .ARM.attributes
                0x0000000000000374       0x32 /usr/lib/gcc/arm-none-eabi/4.9.3/../../../arm-none-eabi/lib/armv7e-m/softfp/libg.a(lib_a-strlen.o)
 .ARM.attributes
                0x00000000000003a6       0x32 /usr/lib/gcc/arm-none-eabi/4.9.3/../../../arm-none-eabi/lib/armv7e-m/softfp/libg.a(lib_a-vsprintf.o)
 .ARM.attributes
                0x00000000000003d8       0x32 /usr/lib/gcc/arm-none-eabi/4.9.3/../../../arm-none-eabi/lib/armv7e-m/softfp/libg.a(lib_a-impure.o)
 .ARM.attributes
                0x000000000000040a       0x32 /usr/lib/gcc/arm-none-eabi/4.9.3/../../../arm-none-eabi/lib/armv7e-m/softfp/libg.a(lib_a-svfprintf.o)
 .ARM.attributes
                0x000000000000043c       0x32 /usr/lib/gcc/arm-none-eabi/4.9.3/../../../arm-none-eabi/lib/armv7e-m/softfp/libg.a(lib_a-dtoa.o)
 .ARM.attributes
                0x000000000000046e       0x32 /usr/lib/gcc/arm-none-eabi/4.9.3/../../../arm-none-eabi/lib/armv7e-m/softfp/libg.a(lib_a-locale.o)
 .ARM.attributes
                0x00000000000004a0       0x32 /usr/lib/gcc/arm-none-eabi/4.9.3/../../../arm-none-eabi/lib/armv7e-m/softfp/libg.a(lib_a-mallocr.o)
 .ARM.attributes
                0x00000000000004d2       0x32 /usr/lib/gcc/arm-none-eabi/4.9.3/../../../arm-none-eabi/lib/armv7e-m/softfp/libg.a(lib_a-memchr.o)
 .ARM.attributes
                0x0000000000000504       0x32 /usr/lib/gcc/arm-none-eabi/4.9.3/../../../arm-none-eabi/lib/armv7e-m/softfp/libg.a(lib_a-mlock.o)
 .ARM.attributes
                0x0000000000000536       0x32 /usr/lib/gcc/arm-none-eabi/4.9.3/../../../arm-none-eabi/lib/armv7e-m/softfp/libg.a(lib_a-mprec.o)
 .ARM.attributes
                0x0000000000000568       0x32 /usr/lib/gcc/arm-none-eabi/4.9.3/../../../arm-none-eabi/lib/armv7e-m/softfp/libg.a(lib_a-s_fpclassify.o)
 .ARM.attributes
                0x000000000000059a       0x32 /usr/lib/gcc/arm-none-eabi/4.9.3/../../../arm-none-eabi/lib/armv7e-m/softfp/libg.a(lib_a-sbrkr.o)
 .ARM.attributes
                0x00000000000005cc       0x20 /usr/lib/gcc/arm-none-eabi/4.9.3/../../../arm-none-eabi/lib/armv7e-m/softfp/libg.a(lib_a-strcmp.o)
 .ARM.attributes
                0x00000000000005ec       0x32 /usr/lib/gcc/arm-none-eabi/4.9.3/../../../arm-none-eabi/lib/armv7e-m/softfp/libg.a(lib_a-svfiprintf.o)
 .ARM.attributes
                0x000000000000061e       0x32 /usr/lib/gcc/arm-none-eabi/4.9.3/../../../arm-none-eabi/lib/armv7e-m/softfp/libg.a(lib_a-callocr.o)
 .ARM.attributes
                0x0000000000000650       0x32 /usr/lib/gcc/arm-none-eabi/4.9.3/../../../arm-none-eabi/lib/armv7e-m/softfp/libg.a(lib_a-freer.o)
 .ARM.attributes
                0x0000000000000682       0x32 /usr/lib/gcc/arm-none-eabi/4.9.3/../../../arm-none-eabi/lib/armv7e-m/softfp/libg.a(lib_a-memmove.o)
 .ARM.attributes
                0x00000000000006b4       0x32 /usr/lib/gcc/arm-none-eabi/4.9.3/../../../arm-none-eabi/lib/armv7e-m/softfp/libg.a(lib_a-reallocr.o)
 .ARM.attributes
                0x00000000000006e6       0x32 /usr/lib/gcc/arm-none-eabi/4.9.3/../../../arm-none-eabi/lib/armv7e-m/softfp/libg.a(lib_a-reent.o)
 .ARM.attributes
                0x0000000000000718       0x22 /usr/lib/gcc/arm-none-eabi/4.9.3/armv7e-m/softfp/libgcc.a(_arm_addsubdf3.o)
 .ARM.attributes
                0x000000000000073a       0x22 /usr/lib/gcc/arm-none-eabi/4.9.3/armv7e-m/softfp/libgcc.a(_arm_muldivdf3.o)
 .ARM.attributes
                0x000000000000075c       0x22 /usr/lib/gcc/arm-none-eabi/4.9.3/armv7e-m/softfp/libgcc.a(_arm_cmpdf2.o)
 .ARM.attributes
                0x000000000000077e       0x22 /usr/lib/gcc/arm-none-eabi/4.9.3/armv7e-m/softfp/libgcc.a(_arm_fixdfsi.o)
 .ARM.attributes
                0x00000000000007a0       0x22 /usr/lib/gcc/arm-none-eabi/4.9.3/armv7e-m/softfp/libgcc.a(_aeabi_uldivmod.o)
 .ARM.attributes
                0x00000000000007c2       0x32 /usr/lib/gcc/arm-none-eabi/4.9.3/armv7e-m/softfp/libgcc.a(bpabi.o)
 .ARM.attributes
                0x00000000000007f4       0x22 /usr/lib/gcc/arm-none-eabi/4.9.3/armv7e-m/softfp/libgcc.a(_dvmd_tls.o)
 .ARM.attributes
                0x0000000000000816       0x32 /usr/lib/gcc/arm-none-eabi/4.9.3/armv7e-m/softfp/libgcc.a(_divdi3.o)
 .ARM.attributes
                0x0000000000000848       0x32 /usr/lib/gcc/arm-none-eabi/4.9.3/armv7e-m/softfp/libgcc.a(_udivdi3.o)
OUTPUT(./bin/main.elf elf32-littlearm)

.debug_macro    0x0000000000000000    0x1a3eb
 .debug_macro   0x0000000000000000      0x1bb src/lis3dh_driver.o
 .debug_macro   0x00000000000001bb      0x886 src/lis3dh_driver.o
 .debug_macro   0x0000000000000a41      0x509 src/lis3dh_driver.o
 .debug_macro   0x0000000000000f4a      0x166 src/lis3dh_driver.o
 .debug_macro   0x00000000000010b0       0x22 src/lis3dh_driver.o
 .debug_macro   0x00000000000010d2       0x44 src/lis3dh_driver.o
 .debug_macro   0x0000000000001116       0xe3 src/lis3dh_driver.o
 .debug_macro   0x00000000000011f9       0x22 src/lis3dh_driver.o
 .debug_macro   0x000000000000121b      0x1df src/lis3dh_driver.o